CutS3D Training Pipeline
  Phase: full
  Config: configs/cityscapes_5pct.yaml
  JAX devices: 4

================================================================================
  Phase 1: NCut Pseudo-Mask Extraction (fast mode)
================================================================================
Devices: 4 x tpu
INFO:absl:Cityscapes train: loaded 586 samples
INFO:absl:Subset: using 29 samples (5%)
Dataset: 29 images
  Using cached DINO weights: /home/qbit-glitch/.cache/dino/dino_vits8_pretrain.pth
INFO:absl:Converted DINO ViT-S/8 weights from /home/qbit-glitch/.cache/dino/dino_vits8_pretrain.pth
  Interpolating pos_embed: 784 → 512 patches
  Pretrained DINO weights loaded successfully
  Patch grid: 16x32 = 512 patches
  Max instances per image: 5
  Compiling NCut extraction (first call may take a minute)...
  [     2/29] masks=10, rate=0.1 img/s, elapsed=18.2s
  [     4/29] masks=20, rate=0.2 img/s, elapsed=18.9s
  [     6/29] masks=30, rate=0.3 img/s, elapsed=19.6s
  [     8/29] masks=40, rate=0.4 img/s, elapsed=20.3s
  [    10/29] masks=50, rate=0.5 img/s, elapsed=20.9s
  [    12/29] masks=60, rate=0.6 img/s, elapsed=21.6s
  [    14/29] masks=70, rate=0.6 img/s, elapsed=22.3s
  [    16/29] masks=80, rate=0.7 img/s, elapsed=23.0s
  [    18/29] masks=90, rate=0.8 img/s, elapsed=23.7s
  [    20/29] masks=100, rate=0.8 img/s, elapsed=24.4s
  [    22/29] masks=110, rate=0.9 img/s, elapsed=25.0s
  [    24/29] masks=120, rate=0.9 img/s, elapsed=25.7s
  [    26/29] masks=130, rate=1.0 img/s, elapsed=26.4s
  [    28/29] masks=140, rate=1.0 img/s, elapsed=27.0s
  [    29/29] masks=145, rate=1.1 img/s, elapsed=27.7s

Extraction complete: 145 masks from 29 images
Time: 27.7s (1.0 img/s)
Saved to: data/pseudo_masks

================================================================================
  Phase 2: CAD Training on Pseudo-Masks
================================================================================
Devices: 4 x tpu
INFO:absl:Cityscapes train: loaded 586 samples
INFO:absl:Cityscapes val: loaded 267 samples
INFO:absl:Subset: using 26 samples (10%)
Train: 586, Val: 26
  Using cached DINO weights: /home/qbit-glitch/.cache/dino/dino_vits8_pretrain.pth
INFO:absl:Converted DINO ViT-S/8 weights from /home/qbit-glitch/.cache/dino/dino_vits8_pretrain.pth
  Interpolating pos_embed: 784 → 512 patches
  Pretrained DINO weights loaded successfully
CAD parameters: 6,758,492

Training: 30 epochs, 73 steps/epoch
Batch size: 8, Patches: 512
================================================================================
 Epoch |   L_total | L_sc_mask |    L_drop |   Time
--------------------------------------------------------------------------------
jax.errors.SimplifiedTraceback: For simplicity, JAX has removed its internal frames from the traceback of the following exception. Set JAX_TRACEBACK_FILTERING=off to include these.

The above exception was the direct cause of the following exception:

Traceback (most recent call last):
  File "/home/qbit-glitch/mbps_panoptic_segmentation/scripts/train_cuts3d.py", line 785, in <module>
    main()
  File "/home/qbit-glitch/mbps_panoptic_segmentation/scripts/train_cuts3d.py", line 780, in main
    train_cad(config, args)
  File "/home/qbit-glitch/mbps_panoptic_segmentation/scripts/train_cuts3d.py", line 586, in train_cad
    cad_params, opt_state, loss_val, losses = train_step(
  File "/home/qbit-glitch/mbps_panoptic_segmentation/scripts/train_cuts3d.py", line 513, in train_step
    (loss_val, losses), grads = jax.value_and_grad(
  File "/home/qbit-glitch/mbps_panoptic_segmentation/scripts/train_cuts3d.py", line 503, in loss_wrapper
    losses = loss_fn(
  File "/home/qbit-glitch/mbps_panoptic_segmentation/mbps/models/instance/instance_loss.py", line 351, in __call__
    l_mask = spatial_confidence_soft_target_loss(
  File "/home/qbit-glitch/mbps_panoptic_segmentation/mbps/models/instance/instance_loss.py", line 58, in spatial_confidence_soft_target_loss
    bce = jax.nn.sigmoid_cross_entropy_with_logits(
AttributeError: module 'jax.nn' has no attribute 'sigmoid_cross_entropy_with_logits'
