CutS3D Training Pipeline
  Phase: full
  Config: configs/cityscapes_5pct.yaml
  JAX devices: 4

================================================================================
  Phase 1: CutS3D Pseudo-Mask Extraction
================================================================================
Devices: 4 x tpu
INFO:absl:Cityscapes train: loaded 586 samples
INFO:absl:Subset: using 29 samples (5%)
Dataset: 29 images
  Using cached DINO weights: /home/qbit-glitch/.cache/dino/dino_vits8_pretrain.pth
INFO:absl:Converted DINO ViT-S/8 weights from /home/qbit-glitch/.cache/dino/dino_vits8_pretrain.pth
  Interpolating pos_embed: 784 → 512 patches
  Pretrained DINO weights loaded successfully
  Patch grid: 16x32 = 512 patches
  Max instances per image: 5
https://symbolize.stripped_domain/r/?trace=7fe8df11ea3d,7fe8df04251f,7fe838f5dd36,7fe838f5de4a,7fe838f5e42c,7fe838f5e763,7fe838f5e5e7,7fe838f6037a,7fe835ff918e,7fe835f4a844,7fe835f4a38f,7fe835f5d60c,7fe835f5d539,7fe837850f7c,557e481b28ca&map= 
*** SIGTERM received by PID 70517 (TID 70517) on cpu 1 from PID 73704; stack trace: ***
PC: @     0x7fe8df11ea3d  (unknown)  syscall
    @     0x7fe82a3b47e5       1904  (unknown)
    @     0x7fe8df042520  729508176  (unknown)
    @     0x7fe838f5dd37         48  absl::lts_20230802::synchronization_internal::FutexWaiter::Wait()
    @     0x7fe838f5de4b         32  AbslInternalPerThreadSemWait_lts_20230802
    @     0x7fe838f5e42d         48  absl::lts_20230802::Mutex::Block()
    @     0x7fe838f5e764        128  absl::lts_20230802::Mutex::LockSlowWithDeadline()
    @     0x7fe838f5e5e8         48  absl::lts_20230802::Mutex::LockWhenWithTimeout()
    @     0x7fe838f6037b         80  absl::lts_20230802::Notification::WaitForNotificationWithTimeout()
    @     0x7fe835ff918f        496  xla::BlockUntilReadyWithCancel()
    @     0x7fe835f4a845        624  xla::PyHostValue::AsNumPyArray()
    @     0x7fe835f4a390         96  xla::PyArray::SingleDeviceArrayToNumpyArrayDidCopy()
    @     0x7fe835f5d60d         64  xla::ValueOrThrowWrapper<>::operator()()
    @     0x7fe835f5d53a         64  nanobind::detail::func_create<>()::{lambda()#1}::__invoke()
    @     0x7fe837850f7d        144  nanobind::detail::nb_func_vectorcall_simple_1()
    @     0x557e481b28cb  (unknown)  _PyEval_EvalFrameDefault
    @ ... and at least 1 more frames
https://symbolize.stripped_domain/r/?trace=7fe8df11ea3d,7fe82a3b47e4,7fe8df04251f,7fe838f5dd36,7fe838f5de4a,7fe838f5e42c,7fe838f5e763,7fe838f5e5e7,7fe838f6037a,7fe835ff918e,7fe835f4a844,7fe835f4a38f,7fe835f5d60c,7fe835f5d539,7fe837850f7c,557e481b28ca&map= 
E0212 22:44:03.609727   70517 coredump_hook.cc:247] RAW: Remote crash gathering disabled for SIGTERM.
E0212 22:44:03.754292   70517 process_state.cc:808] RAW: Raising signal 15 with default behavior
