CutS3D Training Pipeline
  Phase: train
  Config: configs/cityscapes_5pct.yaml
  JAX devices: 4

================================================================================
  Phase 2: CAD Training on Pseudo-Masks
================================================================================
Devices: 4 x tpu
INFO:absl:Cityscapes train: loaded 586 samples
INFO:absl:Subset: using 29 samples (5%)
INFO:absl:Cityscapes val: loaded 267 samples
INFO:absl:Subset: using 26 samples (10%)
Train: 29, Val: 26
  Using cached DINO weights: /home/qbit-glitch/.cache/dino/dino_vits8_pretrain.pth
INFO:absl:Converted DINO ViT-S/8 weights from /home/qbit-glitch/.cache/dino/dino_vits8_pretrain.pth
  Interpolating pos_embed: 784 → 512 patches
  Pretrained DINO weights loaded successfully
CAD parameters: 6,758,492

Training: 30 epochs, 3 steps/epoch
Batch size: 8, Patches: 512
================================================================================
 Epoch |   L_total | L_sc_mask |    L_drop |   Time
--------------------------------------------------------------------------------
     1 |   0.35199 |   0.35199 |   0.00000 |  12.5s
     2 |   0.33453 |   0.33453 |   0.00000 |   2.8s
     3 |   0.32361 |   0.32361 |   0.00000 |   2.8s
     4 |   0.31013 |   0.31013 |   0.00000 |   2.8s
     5 |   0.29676 |   0.29676 |   0.00000 |   2.9s
Traceback (most recent call last):
  File "/home/qbit-glitch/mbps_panoptic_segmentation/scripts/train_cuts3d.py", line 787, in <module>
    main()
  File "/home/qbit-glitch/mbps_panoptic_segmentation/scripts/train_cuts3d.py", line 774, in main
    train_cad(config, args)
  File "/home/qbit-glitch/mbps_panoptic_segmentation/scripts/train_cuts3d.py", line 608, in train_cad
    save_checkpoint(cad_params, args.output, epoch, avg.get("total", 0))
  File "/home/qbit-glitch/mbps_panoptic_segmentation/scripts/train_cuts3d.py", line 735, in save_checkpoint
    params_flat = jax.tree.util.tree_flatten(params_single)[0]
AttributeError: module 'jax.tree' has no attribute 'util'
