CutS3D Training Pipeline
  Phase: train
  Config: configs/cityscapes_5pct.yaml
  JAX devices: 4

================================================================================
  Phase 2: CAD Training on Pseudo-Masks
================================================================================
Devices: 4 x tpu
INFO:absl:Cityscapes train: loaded 586 samples
INFO:absl:Subset: using 29 samples (5%)
INFO:absl:Cityscapes val: loaded 267 samples
INFO:absl:Subset: using 26 samples (10%)
Train: 29, Val: 26
  Using cached DINO weights: /home/qbit-glitch/.cache/dino/dino_vits8_pretrain.pth
INFO:absl:Converted DINO ViT-S/8 weights from /home/qbit-glitch/.cache/dino/dino_vits8_pretrain.pth
  Interpolating pos_embed: 784 → 512 patches
  Pretrained DINO weights loaded successfully
CAD parameters: 6,758,492

Training: 30 epochs, 3 steps/epoch
Batch size: 8, Patches: 512
================================================================================
 Epoch |   L_total | L_sc_mask |    L_drop |   Time
--------------------------------------------------------------------------------
     1 |   0.35199 |   0.35199 |   0.00000 |  12.3s
     2 |   0.33453 |   0.33453 |   0.00000 |   2.8s
     3 |   0.32361 |   0.32361 |   0.00000 |   2.8s
     4 |   0.31013 |   0.31013 |   0.00000 |   2.9s
     5 |   0.29676 |   0.29676 |   0.00000 |   2.8s
  Saved: checkpoints/cuts3d_cad_5pct.npz (epoch=5, metric=0.2968)
     6 |   0.27700 |   0.27700 |   0.00000 |   2.9s
     7 |   0.27026 |   0.27026 |   0.00000 |   2.8s
     8 |   0.24906 |   0.24906 |   0.00000 |   2.8s
     9 |   0.24148 |   0.24148 |   0.00000 |   2.9s
    10 |   0.22873 |   0.22873 |   0.00000 |   2.8s
  Saved: checkpoints/cuts3d_cad_5pct.npz (epoch=10, metric=0.2287)
    11 |   0.20149 |   0.20149 |   0.00000 |   2.8s
    12 |   0.19073 |   0.19073 |   0.00000 |   2.8s
    13 |   0.17745 |   0.17745 |   0.00000 |   2.8s
    14 |   0.17827 |   0.17827 |   0.00000 |   2.8s
    15 |   0.16192 |   0.16192 |   0.00000 |   2.8s
  Saved: checkpoints/cuts3d_cad_5pct.npz (epoch=15, metric=0.1619)
    16 |   0.14860 |   0.14860 |   0.00000 |   2.8s
    17 |   0.13724 |   0.13724 |   0.00000 |   2.8s
    18 |   0.12494 |   0.12494 |   0.00000 |   2.8s
    19 |   0.11353 |   0.11353 |   0.00000 |   2.8s
    20 |   0.10624 |   0.10624 |   0.00000 |   2.8s
  Saved: checkpoints/cuts3d_cad_5pct.npz (epoch=20, metric=0.1062)
    21 |   0.09876 |   0.09876 |   0.00000 |   2.8s
    22 |   0.09263 |   0.09263 |   0.00000 |   2.8s
    23 |   0.07868 |   0.07868 |   0.00000 |   2.8s
    24 |   0.07176 |   0.07176 |   0.00000 |   2.8s
    25 |   0.06661 |   0.06661 |   0.00000 |   2.8s
  Saved: checkpoints/cuts3d_cad_5pct.npz (epoch=25, metric=0.0666)
    26 |   0.05879 |   0.05879 |   0.00000 |   2.8s
    27 |   0.05322 |   0.05322 |   0.00000 |   2.8s
    28 |   0.04897 |   0.04897 |   0.00000 |   2.8s
    29 |   0.04283 |   0.04283 |   0.00000 |   2.8s
    30 |   0.03755 |   0.03755 |   0.00000 |   2.8s
  Saved: checkpoints/cuts3d_cad_5pct.npz (epoch=30, metric=0.0376)
================================================================================
CAD training complete!
