2026-04-14 17:33:26,609 [INFO] Using device: mps
2026-04-14 17:33:26,630 [INFO] DepthGHead: 479,322 parameters
2026-04-14 17:33:26,658 [INFO] Train: 2975 images, Val: 500 images
2026-04-14 17:33:28,350 [INFO] Epoch 0 step 0/372 | loss=5.0064 (stego=4.9740, depth=0.1079)
2026-04-14 17:33:29,796 [INFO] Epoch 0 step 10/372 | loss=2.6261 (stego=2.3930, depth=0.7770)
2026-04-14 17:33:31,706 [INFO] Epoch 0 step 20/372 | loss=2.4353 (stego=2.1892, depth=0.8203)
2026-04-14 17:33:33,682 [INFO] Epoch 0 step 30/372 | loss=2.3609 (stego=2.1128, depth=0.8273)
2026-04-14 17:33:35,567 [INFO] Epoch 0 step 40/372 | loss=2.3306 (stego=2.0815, depth=0.8302)
2026-04-14 17:33:37,390 [INFO] Epoch 0 step 50/372 | loss=2.2445 (stego=1.9907, depth=0.8461)
2026-04-14 17:33:39,113 [INFO] Epoch 0 step 60/372 | loss=2.2379 (stego=1.9831, depth=0.8493)
2026-04-14 17:33:40,795 [INFO] Epoch 0 step 70/372 | loss=2.2041 (stego=1.9468, depth=0.8578)
2026-04-14 17:33:42,478 [INFO] Epoch 0 step 80/372 | loss=2.2063 (stego=1.9476, depth=0.8625)
2026-04-14 17:33:44,263 [INFO] Epoch 0 step 90/372 | loss=2.1519 (stego=1.8981, depth=0.8458)
2026-04-14 17:33:46,075 [INFO] Epoch 0 step 100/372 | loss=2.1657 (stego=1.9105, depth=0.8507)
2026-04-14 17:33:47,869 [INFO] Epoch 0 step 110/372 | loss=2.1341 (stego=1.8748, depth=0.8644)
2026-04-14 17:33:49,522 [INFO] Epoch 0 step 120/372 | loss=2.1604 (stego=1.9007, depth=0.8657)
2026-04-14 17:33:51,228 [INFO] Epoch 0 step 130/372 | loss=2.1448 (stego=1.8835, depth=0.8709)
2026-04-14 17:33:52,889 [INFO] Epoch 0 step 140/372 | loss=2.1610 (stego=1.9035, depth=0.8581)
2026-04-14 17:33:54,642 [INFO] Epoch 0 step 150/372 | loss=2.1546 (stego=1.8899, depth=0.8823)
2026-04-14 17:33:56,332 [INFO] Epoch 0 step 160/372 | loss=2.1175 (stego=1.8563, depth=0.8708)
2026-04-14 17:33:58,561 [INFO] Epoch 0 step 170/372 | loss=2.1226 (stego=1.8589, depth=0.8791)
2026-04-14 17:34:00,321 [INFO] Epoch 0 step 180/372 | loss=2.0956 (stego=1.8397, depth=0.8531)
2026-04-14 17:34:02,400 [INFO] Epoch 0 step 190/372 | loss=2.1089 (stego=1.8468, depth=0.8735)
2026-04-14 17:34:03,949 [INFO] Epoch 0 step 200/372 | loss=2.1433 (stego=1.8811, depth=0.8740)
2026-04-14 17:34:05,705 [INFO] Epoch 0 step 210/372 | loss=2.1152 (stego=1.8508, depth=0.8814)
2026-04-14 17:34:07,532 [INFO] Epoch 0 step 220/372 | loss=2.0960 (stego=1.8359, depth=0.8669)
2026-04-14 17:34:09,295 [INFO] Epoch 0 step 230/372 | loss=2.1162 (stego=1.8565, depth=0.8658)
2026-04-14 17:34:11,292 [INFO] Epoch 0 step 240/372 | loss=2.1078 (stego=1.8448, depth=0.8765)
2026-04-14 17:34:13,153 [INFO] Epoch 0 step 250/372 | loss=2.1208 (stego=1.8556, depth=0.8840)
2026-04-14 17:34:14,904 [INFO] Epoch 0 step 260/372 | loss=2.1002 (stego=1.8383, depth=0.8729)
2026-04-14 17:34:16,543 [INFO] Epoch 0 step 270/372 | loss=2.0951 (stego=1.8371, depth=0.8601)
2026-04-14 17:34:18,532 [INFO] Epoch 0 step 280/372 | loss=2.0751 (stego=1.8137, depth=0.8712)
2026-04-14 17:34:20,486 [INFO] Epoch 0 step 290/372 | loss=2.0878 (stego=1.8298, depth=0.8602)
2026-04-14 17:34:22,366 [INFO] Epoch 0 step 300/372 | loss=2.1172 (stego=1.8538, depth=0.8782)
2026-04-14 17:34:24,241 [INFO] Epoch 0 step 310/372 | loss=2.0931 (stego=1.8287, depth=0.8813)
2026-04-14 17:34:26,193 [INFO] Epoch 0 step 320/372 | loss=2.0775 (stego=1.8197, depth=0.8593)
2026-04-14 17:34:27,759 [INFO] Epoch 0 step 330/372 | loss=2.0901 (stego=1.8275, depth=0.8751)
2026-04-14 17:34:29,701 [INFO] Epoch 0 step 340/372 | loss=2.0641 (stego=1.8072, depth=0.8563)
2026-04-14 17:34:31,447 [INFO] Epoch 0 step 350/372 | loss=2.0915 (stego=1.8388, depth=0.8425)
2026-04-14 17:34:33,269 [INFO] Epoch 0 step 360/372 | loss=2.1085 (stego=1.8571, depth=0.8378)
2026-04-14 17:34:34,981 [INFO] Epoch 0 step 370/372 | loss=2.1186 (stego=1.8564, depth=0.8740)
2026-04-14 17:34:44,006 [INFO] Epoch 0/19 | train_loss=2.1826 val_loss=2.0771 lr=0.000994 elapsed=76s
2026-04-14 17:34:44,016 [INFO]   -> New best val_loss=2.0771, saved to checkpoints/depthg_dinov3/best.pt
2026-04-14 17:34:44,174 [INFO] Epoch 1 step 0/372 | loss=2.0925 (stego=1.8364, depth=0.8538)
2026-04-14 17:34:45,972 [INFO] Epoch 1 step 10/372 | loss=2.0893 (stego=1.8334, depth=0.8529)
2026-04-14 17:34:47,551 [INFO] Epoch 1 step 20/372 | loss=2.0908 (stego=1.8296, depth=0.8707)
2026-04-14 17:34:49,250 [INFO] Epoch 1 step 30/372 | loss=2.0590 (stego=1.8012, depth=0.8592)
2026-04-14 17:34:50,992 [INFO] Epoch 1 step 40/372 | loss=2.0549 (stego=1.7905, depth=0.8810)
2026-04-14 17:34:52,730 [INFO] Epoch 1 step 50/372 | loss=2.0967 (stego=1.8372, depth=0.8651)
2026-04-14 17:34:54,545 [INFO] Epoch 1 step 60/372 | loss=2.0895 (stego=1.8259, depth=0.8785)
2026-04-14 17:34:56,507 [INFO] Epoch 1 step 70/372 | loss=2.0567 (stego=1.7899, depth=0.8893)
2026-04-14 17:34:58,213 [INFO] Epoch 1 step 80/372 | loss=2.0595 (stego=1.8007, depth=0.8627)
2026-04-14 17:34:59,777 [INFO] Epoch 1 step 90/372 | loss=2.0509 (stego=1.7906, depth=0.8677)
2026-04-14 17:35:01,550 [INFO] Epoch 1 step 100/372 | loss=2.0699 (stego=1.8115, depth=0.8613)
2026-04-14 17:35:03,308 [INFO] Epoch 1 step 110/372 | loss=2.0517 (stego=1.7890, depth=0.8759)
2026-04-14 17:35:05,193 [INFO] Epoch 1 step 120/372 | loss=2.0739 (stego=1.8071, depth=0.8892)
2026-04-14 17:35:07,060 [INFO] Epoch 1 step 130/372 | loss=2.0970 (stego=1.8331, depth=0.8797)
2026-04-14 17:35:08,698 [INFO] Epoch 1 step 140/372 | loss=2.0598 (stego=1.7997, depth=0.8670)
2026-04-14 17:35:10,603 [INFO] Epoch 1 step 150/372 | loss=2.0552 (stego=1.7955, depth=0.8658)
2026-04-14 17:35:12,360 [INFO] Epoch 1 step 160/372 | loss=2.0812 (stego=1.8194, depth=0.8727)
2026-04-14 17:35:14,162 [INFO] Epoch 1 step 170/372 | loss=2.0890 (stego=1.8225, depth=0.8884)
2026-04-14 17:35:16,131 [INFO] Epoch 1 step 180/372 | loss=2.0697 (stego=1.8102, depth=0.8652)
2026-04-14 17:35:18,085 [INFO] Epoch 1 step 190/372 | loss=2.0890 (stego=1.8283, depth=0.8689)
2026-04-14 17:35:19,704 [INFO] Epoch 1 step 200/372 | loss=2.0648 (stego=1.8043, depth=0.8681)
2026-04-14 17:35:21,321 [INFO] Epoch 1 step 210/372 | loss=2.0667 (stego=1.8072, depth=0.8650)
2026-04-14 17:35:23,175 [INFO] Epoch 1 step 220/372 | loss=2.0544 (stego=1.7961, depth=0.8608)
2026-04-14 17:35:25,022 [INFO] Epoch 1 step 230/372 | loss=2.0808 (stego=1.8128, depth=0.8934)
2026-04-14 17:35:26,928 [INFO] Epoch 1 step 240/372 | loss=2.0817 (stego=1.8256, depth=0.8535)
2026-04-14 17:35:28,860 [INFO] Epoch 1 step 250/372 | loss=2.0853 (stego=1.8177, depth=0.8921)
2026-04-14 17:35:30,669 [INFO] Epoch 1 step 260/372 | loss=2.0630 (stego=1.8018, depth=0.8707)
2026-04-14 17:35:32,300 [INFO] Epoch 1 step 270/372 | loss=2.0457 (stego=1.7924, depth=0.8444)
2026-04-14 17:35:34,081 [INFO] Epoch 1 step 280/372 | loss=2.0547 (stego=1.7923, depth=0.8748)
2026-04-14 17:35:35,845 [INFO] Epoch 1 step 290/372 | loss=2.0542 (stego=1.7927, depth=0.8719)
2026-04-14 17:35:37,610 [INFO] Epoch 1 step 300/372 | loss=2.0667 (stego=1.8030, depth=0.8787)
2026-04-14 17:35:39,482 [INFO] Epoch 1 step 310/372 | loss=2.0487 (stego=1.7904, depth=0.8610)
2026-04-14 17:35:41,130 [INFO] Epoch 1 step 320/372 | loss=2.0540 (stego=1.7951, depth=0.8630)
2026-04-14 17:35:42,788 [INFO] Epoch 1 step 330/372 | loss=2.0563 (stego=1.7928, depth=0.8784)
2026-04-14 17:35:44,400 [INFO] Epoch 1 step 340/372 | loss=2.0711 (stego=1.8066, depth=0.8814)
2026-04-14 17:35:45,959 [INFO] Epoch 1 step 350/372 | loss=2.0786 (stego=1.8178, depth=0.8692)
2026-04-14 17:35:47,728 [INFO] Epoch 1 step 360/372 | loss=2.0555 (stego=1.7931, depth=0.8745)
2026-04-14 17:35:49,483 [INFO] Epoch 1 step 370/372 | loss=2.0412 (stego=1.7812, depth=0.8665)
2026-04-14 17:35:57,935 [INFO] Epoch 1/19 | train_loss=2.0673 val_loss=2.0522 lr=0.000976 elapsed=150s
2026-04-14 17:35:57,942 [INFO]   -> New best val_loss=2.0522, saved to checkpoints/depthg_dinov3/best.pt
2026-04-14 17:35:58,088 [INFO] Epoch 2 step 0/372 | loss=2.0736 (stego=1.8100, depth=0.8789)
2026-04-14 17:35:59,892 [INFO] Epoch 2 step 10/372 | loss=2.0529 (stego=1.7961, depth=0.8563)
2026-04-14 17:36:01,496 [INFO] Epoch 2 step 20/372 | loss=2.0522 (stego=1.7882, depth=0.8799)
2026-04-14 17:36:03,130 [INFO] Epoch 2 step 30/372 | loss=2.0748 (stego=1.8117, depth=0.8772)
2026-04-14 17:36:04,763 [INFO] Epoch 2 step 40/372 | loss=2.0617 (stego=1.7955, depth=0.8873)
2026-04-14 17:36:06,499 [INFO] Epoch 2 step 50/372 | loss=2.0674 (stego=1.7994, depth=0.8934)
2026-04-14 17:36:08,278 [INFO] Epoch 2 step 60/372 | loss=2.0686 (stego=1.8046, depth=0.8802)
2026-04-14 17:36:10,152 [INFO] Epoch 2 step 70/372 | loss=2.0527 (stego=1.7954, depth=0.8578)
2026-04-14 17:36:11,765 [INFO] Epoch 2 step 80/372 | loss=2.0607 (stego=1.7978, depth=0.8765)
2026-04-14 17:36:13,206 [INFO] Epoch 2 step 90/372 | loss=2.0627 (stego=1.7968, depth=0.8863)
2026-04-14 17:36:14,849 [INFO] Epoch 2 step 100/372 | loss=2.0314 (stego=1.7738, depth=0.8587)
2026-04-14 17:36:16,453 [INFO] Epoch 2 step 110/372 | loss=2.0524 (stego=1.7872, depth=0.8841)
2026-04-14 17:36:18,093 [INFO] Epoch 2 step 120/372 | loss=2.0566 (stego=1.8001, depth=0.8549)
2026-04-14 17:36:19,931 [INFO] Epoch 2 step 130/372 | loss=2.0355 (stego=1.7804, depth=0.8505)
2026-04-14 17:36:21,699 [INFO] Epoch 2 step 140/372 | loss=2.0599 (stego=1.8005, depth=0.8645)
2026-04-14 17:36:23,350 [INFO] Epoch 2 step 150/372 | loss=2.0449 (stego=1.7852, depth=0.8657)
2026-04-14 17:36:24,872 [INFO] Epoch 2 step 160/372 | loss=2.0541 (stego=1.7906, depth=0.8783)
2026-04-14 17:36:26,439 [INFO] Epoch 2 step 170/372 | loss=2.0282 (stego=1.7645, depth=0.8791)
2026-04-14 17:36:28,112 [INFO] Epoch 2 step 180/372 | loss=2.0547 (stego=1.7986, depth=0.8537)
2026-04-14 17:36:29,779 [INFO] Epoch 2 step 190/372 | loss=2.0417 (stego=1.7833, depth=0.8614)
2026-04-14 17:36:31,684 [INFO] Epoch 2 step 200/372 | loss=2.0595 (stego=1.7935, depth=0.8865)
2026-04-14 17:36:33,479 [INFO] Epoch 2 step 210/372 | loss=2.0800 (stego=1.8178, depth=0.8739)
2026-04-14 17:36:35,133 [INFO] Epoch 2 step 220/372 | loss=2.0191 (stego=1.7617, depth=0.8581)
2026-04-14 17:36:36,806 [INFO] Epoch 2 step 230/372 | loss=2.0439 (stego=1.7833, depth=0.8686)
2026-04-14 17:36:38,467 [INFO] Epoch 2 step 240/372 | loss=2.0396 (stego=1.7822, depth=0.8582)
2026-04-14 17:36:40,059 [INFO] Epoch 2 step 250/372 | loss=2.0243 (stego=1.7635, depth=0.8693)
2026-04-14 17:36:42,070 [INFO] Epoch 2 step 260/372 | loss=2.0756 (stego=1.8119, depth=0.8792)
2026-04-14 17:36:43,878 [INFO] Epoch 2 step 270/372 | loss=2.0361 (stego=1.7719, depth=0.8806)
2026-04-14 17:36:45,619 [INFO] Epoch 2 step 280/372 | loss=2.0295 (stego=1.7698, depth=0.8655)
2026-04-14 17:36:47,270 [INFO] Epoch 2 step 290/372 | loss=2.0375 (stego=1.7719, depth=0.8853)
2026-04-14 17:36:49,065 [INFO] Epoch 2 step 300/372 | loss=2.0628 (stego=1.7999, depth=0.8765)
2026-04-14 17:36:50,760 [INFO] Epoch 2 step 310/372 | loss=2.0274 (stego=1.7664, depth=0.8700)
2026-04-14 17:36:52,505 [INFO] Epoch 2 step 320/372 | loss=2.0502 (stego=1.7934, depth=0.8559)
2026-04-14 17:36:54,481 [INFO] Epoch 2 step 330/372 | loss=2.0367 (stego=1.7783, depth=0.8615)
2026-04-14 17:36:56,147 [INFO] Epoch 2 step 340/372 | loss=2.0443 (stego=1.7838, depth=0.8684)
2026-04-14 17:36:57,754 [INFO] Epoch 2 step 350/372 | loss=2.0493 (stego=1.7915, depth=0.8593)
2026-04-14 17:36:59,396 [INFO] Epoch 2 step 360/372 | loss=2.0524 (stego=1.7911, depth=0.8709)
2026-04-14 17:37:01,270 [INFO] Epoch 2 step 370/372 | loss=2.0354 (stego=1.7757, depth=0.8654)
2026-04-14 17:37:10,076 [INFO] Epoch 2/19 | train_loss=2.0483 val_loss=2.0411 lr=0.000946 elapsed=222s
2026-04-14 17:37:10,084 [INFO]   -> New best val_loss=2.0411, saved to checkpoints/depthg_dinov3/best.pt
2026-04-14 17:37:10,306 [INFO] Epoch 3 step 0/372 | loss=2.0602 (stego=1.7930, depth=0.8907)
2026-04-14 17:37:11,898 [INFO] Epoch 3 step 10/372 | loss=2.0440 (stego=1.7820, depth=0.8735)
2026-04-14 17:37:13,738 [INFO] Epoch 3 step 20/372 | loss=2.0298 (stego=1.7638, depth=0.8867)
2026-04-14 17:37:15,345 [INFO] Epoch 3 step 30/372 | loss=2.0381 (stego=1.7796, depth=0.8616)
2026-04-14 17:37:16,930 [INFO] Epoch 3 step 40/372 | loss=2.0603 (stego=1.7970, depth=0.8778)
2026-04-14 17:37:18,511 [INFO] Epoch 3 step 50/372 | loss=2.0162 (stego=1.7550, depth=0.8708)
2026-04-14 17:37:20,087 [INFO] Epoch 3 step 60/372 | loss=2.0079 (stego=1.7522, depth=0.8525)
2026-04-14 17:37:21,902 [INFO] Epoch 3 step 70/372 | loss=2.0541 (stego=1.7887, depth=0.8848)
2026-04-14 17:37:23,668 [INFO] Epoch 3 step 80/372 | loss=2.0195 (stego=1.7631, depth=0.8546)
2026-04-14 17:37:25,346 [INFO] Epoch 3 step 90/372 | loss=2.0369 (stego=1.7728, depth=0.8804)
2026-04-14 17:37:26,951 [INFO] Epoch 3 step 100/372 | loss=2.0361 (stego=1.7728, depth=0.8775)
2026-04-14 17:37:28,690 [INFO] Epoch 3 step 110/372 | loss=2.0371 (stego=1.7761, depth=0.8699)
2026-04-14 17:37:30,296 [INFO] Epoch 3 step 120/372 | loss=2.0429 (stego=1.7773, depth=0.8854)
2026-04-14 17:37:32,220 [INFO] Epoch 3 step 130/372 | loss=2.0252 (stego=1.7646, depth=0.8686)
2026-04-14 17:37:34,088 [INFO] Epoch 3 step 140/372 | loss=2.0435 (stego=1.7790, depth=0.8816)
2026-04-14 17:37:36,032 [INFO] Epoch 3 step 150/372 | loss=2.0453 (stego=1.7853, depth=0.8668)
2026-04-14 17:37:37,702 [INFO] Epoch 3 step 160/372 | loss=2.0337 (stego=1.7708, depth=0.8763)
2026-04-14 17:37:39,494 [INFO] Epoch 3 step 170/372 | loss=2.0320 (stego=1.7717, depth=0.8674)
2026-04-14 17:37:41,146 [INFO] Epoch 3 step 180/372 | loss=2.0320 (stego=1.7759, depth=0.8538)
2026-04-14 17:37:42,738 [INFO] Epoch 3 step 190/372 | loss=2.0475 (stego=1.7855, depth=0.8734)
2026-04-14 17:37:44,463 [INFO] Epoch 3 step 200/372 | loss=2.0283 (stego=1.7687, depth=0.8654)
2026-04-14 17:37:46,239 [INFO] Epoch 3 step 210/372 | loss=2.0307 (stego=1.7697, depth=0.8702)
2026-04-14 17:37:48,242 [INFO] Epoch 3 step 220/372 | loss=2.0494 (stego=1.7858, depth=0.8787)
2026-04-14 17:37:49,854 [INFO] Epoch 3 step 230/372 | loss=2.0413 (stego=1.7805, depth=0.8695)
2026-04-14 17:37:51,463 [INFO] Epoch 3 step 240/372 | loss=2.0053 (stego=1.7501, depth=0.8507)
2026-04-14 17:37:53,016 [INFO] Epoch 3 step 250/372 | loss=2.0238 (stego=1.7641, depth=0.8655)
2026-04-14 17:37:54,732 [INFO] Epoch 3 step 260/372 | loss=2.0118 (stego=1.7552, depth=0.8552)
2026-04-14 17:37:56,688 [INFO] Epoch 3 step 270/372 | loss=2.0124 (stego=1.7529, depth=0.8651)
2026-04-14 17:37:58,557 [INFO] Epoch 3 step 280/372 | loss=2.0192 (stego=1.7570, depth=0.8740)
2026-04-14 17:38:00,256 [INFO] Epoch 3 step 290/372 | loss=2.0532 (stego=1.7918, depth=0.8715)
2026-04-14 17:38:01,816 [INFO] Epoch 3 step 300/372 | loss=2.0460 (stego=1.7779, depth=0.8936)
2026-04-14 17:38:03,539 [INFO] Epoch 3 step 310/372 | loss=2.0570 (stego=1.7941, depth=0.8762)
2026-04-14 17:38:05,106 [INFO] Epoch 3 step 320/372 | loss=2.0620 (stego=1.7991, depth=0.8762)
2026-04-14 17:38:06,832 [INFO] Epoch 3 step 330/372 | loss=2.0244 (stego=1.7618, depth=0.8753)
2026-04-14 17:38:08,666 [INFO] Epoch 3 step 340/372 | loss=2.0319 (stego=1.7684, depth=0.8781)
2026-04-14 17:38:10,464 [INFO] Epoch 3 step 350/372 | loss=2.0093 (stego=1.7491, depth=0.8673)
2026-04-14 17:38:11,993 [INFO] Epoch 3 step 360/372 | loss=2.0275 (stego=1.7704, depth=0.8570)
2026-04-14 17:38:13,929 [INFO] Epoch 3 step 370/372 | loss=2.0388 (stego=1.7786, depth=0.8676)
2026-04-14 17:38:22,857 [INFO] Epoch 3/19 | train_loss=2.0374 val_loss=2.0331 lr=0.000905 elapsed=295s
2026-04-14 17:38:22,865 [INFO]   -> New best val_loss=2.0331, saved to checkpoints/depthg_dinov3/best.pt
2026-04-14 17:38:23,014 [INFO] Epoch 4 step 0/372 | loss=2.0245 (stego=1.7602, depth=0.8809)
2026-04-14 17:38:24,577 [INFO] Epoch 4 step 10/372 | loss=2.0351 (stego=1.7734, depth=0.8723)
2026-04-14 17:38:26,221 [INFO] Epoch 4 step 20/372 | loss=2.0157 (stego=1.7497, depth=0.8867)
2026-04-14 17:38:27,995 [INFO] Epoch 4 step 30/372 | loss=2.0589 (stego=1.7957, depth=0.8775)
2026-04-14 17:38:29,772 [INFO] Epoch 4 step 40/372 | loss=2.0661 (stego=1.7989, depth=0.8908)
2026-04-14 17:38:31,270 [INFO] Epoch 4 step 50/372 | loss=2.0543 (stego=1.7876, depth=0.8892)
2026-04-14 17:38:32,873 [INFO] Epoch 4 step 60/372 | loss=2.0448 (stego=1.7847, depth=0.8670)
2026-04-14 17:38:34,405 [INFO] Epoch 4 step 70/372 | loss=2.0372 (stego=1.7751, depth=0.8736)
2026-04-14 17:38:36,030 [INFO] Epoch 4 step 80/372 | loss=2.0375 (stego=1.7713, depth=0.8875)
2026-04-14 17:38:37,799 [INFO] Epoch 4 step 90/372 | loss=2.0146 (stego=1.7463, depth=0.8946)
2026-04-14 17:38:39,489 [INFO] Epoch 4 step 100/372 | loss=2.0523 (stego=1.7858, depth=0.8886)
2026-04-14 17:38:40,999 [INFO] Epoch 4 step 110/372 | loss=2.0472 (stego=1.7859, depth=0.8708)
2026-04-14 17:38:42,719 [INFO] Epoch 4 step 120/372 | loss=2.0375 (stego=1.7860, depth=0.8385)
2026-04-14 17:38:44,443 [INFO] Epoch 4 step 130/372 | loss=2.0326 (stego=1.7739, depth=0.8624)
2026-04-14 17:38:46,225 [INFO] Epoch 4 step 140/372 | loss=2.0306 (stego=1.7643, depth=0.8878)
2026-04-14 17:38:47,830 [INFO] Epoch 4 step 150/372 | loss=2.0392 (stego=1.7849, depth=0.8477)
2026-04-14 17:38:49,663 [INFO] Epoch 4 step 160/372 | loss=2.0306 (stego=1.7700, depth=0.8685)
2026-04-14 17:38:51,339 [INFO] Epoch 4 step 170/372 | loss=2.0156 (stego=1.7635, depth=0.8403)
2026-04-14 17:38:53,034 [INFO] Epoch 4 step 180/372 | loss=2.0276 (stego=1.7639, depth=0.8791)
2026-04-14 17:38:54,716 [INFO] Epoch 4 step 190/372 | loss=2.0248 (stego=1.7596, depth=0.8840)
2026-04-14 17:38:56,450 [INFO] Epoch 4 step 200/372 | loss=2.0049 (stego=1.7478, depth=0.8570)
2026-04-14 17:38:58,348 [INFO] Epoch 4 step 210/372 | loss=2.0135 (stego=1.7523, depth=0.8706)
2026-04-14 17:39:00,142 [INFO] Epoch 4 step 220/372 | loss=2.0440 (stego=1.7815, depth=0.8752)
2026-04-14 17:39:01,894 [INFO] Epoch 4 step 230/372 | loss=2.0418 (stego=1.7765, depth=0.8844)
2026-04-14 17:39:03,607 [INFO] Epoch 4 step 240/372 | loss=2.0430 (stego=1.7813, depth=0.8724)
2026-04-14 17:39:05,362 [INFO] Epoch 4 step 250/372 | loss=2.0272 (stego=1.7686, depth=0.8622)
2026-04-14 17:39:07,029 [INFO] Epoch 4 step 260/372 | loss=2.0507 (stego=1.7885, depth=0.8740)
2026-04-14 17:39:09,090 [INFO] Epoch 4 step 270/372 | loss=2.0361 (stego=1.7725, depth=0.8787)
2026-04-14 17:39:10,811 [INFO] Epoch 4 step 280/372 | loss=2.0354 (stego=1.7771, depth=0.8609)
2026-04-14 17:39:12,613 [INFO] Epoch 4 step 290/372 | loss=2.0389 (stego=1.7755, depth=0.8780)
2026-04-14 17:39:14,319 [INFO] Epoch 4 step 300/372 | loss=2.0322 (stego=1.7742, depth=0.8602)
2026-04-14 17:39:16,000 [INFO] Epoch 4 step 310/372 | loss=2.0196 (stego=1.7632, depth=0.8547)
2026-04-14 17:39:17,768 [INFO] Epoch 4 step 320/372 | loss=2.0554 (stego=1.7903, depth=0.8839)
2026-04-14 17:39:19,617 [INFO] Epoch 4 step 330/372 | loss=2.0346 (stego=1.7690, depth=0.8852)
2026-04-14 17:39:21,186 [INFO] Epoch 4 step 340/372 | loss=2.0202 (stego=1.7544, depth=0.8862)
2026-04-14 17:39:22,742 [INFO] Epoch 4 step 350/372 | loss=2.0215 (stego=1.7599, depth=0.8721)
2026-04-14 17:39:24,401 [INFO] Epoch 4 step 360/372 | loss=2.0448 (stego=1.7791, depth=0.8857)
2026-04-14 17:39:26,136 [INFO] Epoch 4 step 370/372 | loss=2.0675 (stego=1.8010, depth=0.8885)
2026-04-14 17:39:34,543 [INFO] Epoch 4/19 | train_loss=2.0306 val_loss=2.0278 lr=0.000854 elapsed=367s
2026-04-14 17:39:34,551 [INFO]   -> New best val_loss=2.0278, saved to checkpoints/depthg_dinov3/best.pt
2026-04-14 17:39:34,756 [INFO] Epoch 5 step 0/372 | loss=2.0230 (stego=1.7612, depth=0.8725)
2026-04-14 17:39:36,654 [INFO] Epoch 5 step 10/372 | loss=1.9951 (stego=1.7304, depth=0.8824)
2026-04-14 17:39:38,352 [INFO] Epoch 5 step 20/372 | loss=2.0249 (stego=1.7685, depth=0.8548)
2026-04-14 17:39:39,935 [INFO] Epoch 5 step 30/372 | loss=2.0049 (stego=1.7435, depth=0.8714)
2026-04-14 17:39:41,643 [INFO] Epoch 5 step 40/372 | loss=2.0107 (stego=1.7465, depth=0.8807)
2026-04-14 17:39:43,414 [INFO] Epoch 5 step 50/372 | loss=2.0127 (stego=1.7483, depth=0.8815)
2026-04-14 17:39:45,288 [INFO] Epoch 5 step 60/372 | loss=2.0377 (stego=1.7782, depth=0.8650)
2026-04-14 17:39:46,949 [INFO] Epoch 5 step 70/372 | loss=2.0054 (stego=1.7522, depth=0.8438)
2026-04-14 17:39:48,491 [INFO] Epoch 5 step 80/372 | loss=2.0631 (stego=1.7958, depth=0.8909)
2026-04-14 17:39:50,294 [INFO] Epoch 5 step 90/372 | loss=1.9979 (stego=1.7401, depth=0.8594)
2026-04-14 17:39:51,994 [INFO] Epoch 5 step 100/372 | loss=2.0279 (stego=1.7644, depth=0.8785)
2026-04-14 17:39:53,901 [INFO] Epoch 5 step 110/372 | loss=2.0082 (stego=1.7504, depth=0.8593)
2026-04-14 17:39:55,640 [INFO] Epoch 5 step 120/372 | loss=2.0045 (stego=1.7448, depth=0.8656)
2026-04-14 17:39:57,658 [INFO] Epoch 5 step 130/372 | loss=2.0221 (stego=1.7606, depth=0.8717)
2026-04-14 17:39:59,507 [INFO] Epoch 5 step 140/372 | loss=2.0089 (stego=1.7486, depth=0.8677)
2026-04-14 17:40:01,276 [INFO] Epoch 5 step 150/372 | loss=2.0143 (stego=1.7549, depth=0.8647)
2026-04-14 17:40:03,123 [INFO] Epoch 5 step 160/372 | loss=2.0233 (stego=1.7619, depth=0.8714)
2026-04-14 17:40:04,912 [INFO] Epoch 5 step 170/372 | loss=2.0599 (stego=1.7958, depth=0.8803)
2026-04-14 17:40:06,827 [INFO] Epoch 5 step 180/372 | loss=2.0397 (stego=1.7756, depth=0.8803)
2026-04-14 17:40:08,854 [INFO] Epoch 5 step 190/372 | loss=2.0246 (stego=1.7595, depth=0.8839)
2026-04-14 17:40:10,685 [INFO] Epoch 5 step 200/372 | loss=2.0096 (stego=1.7427, depth=0.8896)
2026-04-14 17:40:12,459 [INFO] Epoch 5 step 210/372 | loss=2.0461 (stego=1.7808, depth=0.8843)
2026-04-14 17:40:14,051 [INFO] Epoch 5 step 220/372 | loss=2.0063 (stego=1.7442, depth=0.8734)
2026-04-14 17:40:15,818 [INFO] Epoch 5 step 230/372 | loss=2.0314 (stego=1.7707, depth=0.8691)
2026-04-14 17:40:17,541 [INFO] Epoch 5 step 240/372 | loss=2.0466 (stego=1.7826, depth=0.8803)
2026-04-14 17:40:19,414 [INFO] Epoch 5 step 250/372 | loss=2.0018 (stego=1.7427, depth=0.8637)
2026-04-14 17:40:21,530 [INFO] Epoch 5 step 260/372 | loss=2.0090 (stego=1.7472, depth=0.8729)
2026-04-14 17:40:23,239 [INFO] Epoch 5 step 270/372 | loss=2.0343 (stego=1.7711, depth=0.8773)
2026-04-14 17:40:25,105 [INFO] Epoch 5 step 280/372 | loss=2.0163 (stego=1.7592, depth=0.8569)
2026-04-14 17:40:26,682 [INFO] Epoch 5 step 290/372 | loss=2.0241 (stego=1.7605, depth=0.8786)
2026-04-14 17:40:28,498 [INFO] Epoch 5 step 300/372 | loss=2.0167 (stego=1.7534, depth=0.8779)
2026-04-14 17:40:30,382 [INFO] Epoch 5 step 310/372 | loss=2.0304 (stego=1.7640, depth=0.8878)
2026-04-14 17:40:32,090 [INFO] Epoch 5 step 320/372 | loss=2.0251 (stego=1.7624, depth=0.8757)
2026-04-14 17:40:33,848 [INFO] Epoch 5 step 330/372 | loss=2.0452 (stego=1.7833, depth=0.8732)
2026-04-14 17:40:35,460 [INFO] Epoch 5 step 340/372 | loss=2.0579 (stego=1.7880, depth=0.8996)
2026-04-14 17:40:37,103 [INFO] Epoch 5 step 350/372 | loss=2.0085 (stego=1.7492, depth=0.8644)
2026-04-14 17:40:39,291 [INFO] Epoch 5 step 360/372 | loss=2.0236 (stego=1.7583, depth=0.8844)
2026-04-14 17:40:41,194 [INFO] Epoch 5 step 370/372 | loss=2.0352 (stego=1.7748, depth=0.8680)
2026-04-14 17:40:50,088 [INFO] Epoch 5/19 | train_loss=2.0253 val_loss=2.0244 lr=0.000794 elapsed=442s
2026-04-14 17:40:50,096 [INFO]   -> New best val_loss=2.0244, saved to checkpoints/depthg_dinov3/best.pt
2026-04-14 17:40:50,278 [INFO] Epoch 6 step 0/372 | loss=2.0290 (stego=1.7665, depth=0.8749)
2026-04-14 17:40:52,076 [INFO] Epoch 6 step 10/372 | loss=2.0314 (stego=1.7695, depth=0.8728)
2026-04-14 17:40:54,185 [INFO] Epoch 6 step 20/372 | loss=2.0009 (stego=1.7427, depth=0.8607)
2026-04-14 17:40:55,951 [INFO] Epoch 6 step 30/372 | loss=2.0485 (stego=1.7852, depth=0.8775)
2026-04-14 17:40:57,623 [INFO] Epoch 6 step 40/372 | loss=2.0219 (stego=1.7601, depth=0.8727)
2026-04-14 17:40:59,385 [INFO] Epoch 6 step 50/372 | loss=2.0103 (stego=1.7460, depth=0.8809)
2026-04-14 17:41:01,058 [INFO] Epoch 6 step 60/372 | loss=2.0430 (stego=1.7858, depth=0.8573)
2026-04-14 17:41:02,912 [INFO] Epoch 6 step 70/372 | loss=2.0016 (stego=1.7462, depth=0.8514)
2026-04-14 17:41:04,782 [INFO] Epoch 6 step 80/372 | loss=2.0230 (stego=1.7582, depth=0.8825)
2026-04-14 17:41:06,406 [INFO] Epoch 6 step 90/372 | loss=2.0264 (stego=1.7649, depth=0.8718)
2026-04-14 17:41:08,134 [INFO] Epoch 6 step 100/372 | loss=2.0233 (stego=1.7598, depth=0.8785)
2026-04-14 17:41:09,766 [INFO] Epoch 6 step 110/372 | loss=2.0110 (stego=1.7476, depth=0.8779)
2026-04-14 17:41:11,687 [INFO] Epoch 6 step 120/372 | loss=2.0156 (stego=1.7495, depth=0.8869)
2026-04-14 17:41:13,740 [INFO] Epoch 6 step 130/372 | loss=2.0079 (stego=1.7478, depth=0.8671)
2026-04-14 17:41:15,564 [INFO] Epoch 6 step 140/372 | loss=2.0208 (stego=1.7570, depth=0.8794)
2026-04-14 17:41:17,516 [INFO] Epoch 6 step 150/372 | loss=2.0606 (stego=1.7923, depth=0.8943)
2026-04-14 17:41:19,268 [INFO] Epoch 6 step 160/372 | loss=2.0107 (stego=1.7496, depth=0.8706)
2026-04-14 17:41:21,233 [INFO] Epoch 6 step 170/372 | loss=2.0221 (stego=1.7605, depth=0.8723)
2026-04-14 17:41:23,073 [INFO] Epoch 6 step 180/372 | loss=2.0029 (stego=1.7419, depth=0.8700)
2026-04-14 17:41:25,296 [INFO] Epoch 6 step 190/372 | loss=2.0198 (stego=1.7625, depth=0.8575)
2026-04-14 17:41:27,469 [INFO] Epoch 6 step 200/372 | loss=2.0084 (stego=1.7483, depth=0.8673)
2026-04-14 17:41:29,639 [INFO] Epoch 6 step 210/372 | loss=2.0233 (stego=1.7665, depth=0.8559)
2026-04-14 17:41:31,571 [INFO] Epoch 6 step 220/372 | loss=2.0437 (stego=1.7803, depth=0.8778)
2026-04-14 17:41:33,712 [INFO] Epoch 6 step 230/372 | loss=2.0202 (stego=1.7526, depth=0.8919)
2026-04-14 17:41:35,555 [INFO] Epoch 6 step 240/372 | loss=2.0177 (stego=1.7538, depth=0.8797)
2026-04-14 17:41:37,702 [INFO] Epoch 6 step 250/372 | loss=2.0436 (stego=1.7841, depth=0.8650)
2026-04-14 17:41:39,711 [INFO] Epoch 6 step 260/372 | loss=2.0231 (stego=1.7598, depth=0.8780)
2026-04-14 17:41:41,880 [INFO] Epoch 6 step 270/372 | loss=2.0140 (stego=1.7535, depth=0.8683)
2026-04-14 17:41:43,759 [INFO] Epoch 6 step 280/372 | loss=2.0000 (stego=1.7433, depth=0.8556)
2026-04-14 17:41:45,337 [INFO] Epoch 6 step 290/372 | loss=2.0292 (stego=1.7664, depth=0.8759)
2026-04-14 17:41:47,224 [INFO] Epoch 6 step 300/372 | loss=2.0264 (stego=1.7651, depth=0.8712)
2026-04-14 17:41:49,313 [INFO] Epoch 6 step 310/372 | loss=2.0165 (stego=1.7498, depth=0.8889)
2026-04-14 17:41:51,318 [INFO] Epoch 6 step 320/372 | loss=2.0243 (stego=1.7674, depth=0.8561)
2026-04-14 17:41:53,270 [INFO] Epoch 6 step 330/372 | loss=2.0322 (stego=1.7687, depth=0.8784)
2026-04-14 17:41:55,046 [INFO] Epoch 6 step 340/372 | loss=2.0001 (stego=1.7381, depth=0.8732)
2026-04-14 17:41:56,737 [INFO] Epoch 6 step 350/372 | loss=2.0210 (stego=1.7608, depth=0.8673)
2026-04-14 17:41:58,704 [INFO] Epoch 6 step 360/372 | loss=2.0162 (stego=1.7555, depth=0.8691)
2026-04-14 17:42:00,440 [INFO] Epoch 6 step 370/372 | loss=2.0284 (stego=1.7666, depth=0.8728)
2026-04-14 17:42:10,495 [INFO] Epoch 6/19 | train_loss=2.0210 val_loss=2.0213 lr=0.000727 elapsed=523s
2026-04-14 17:42:10,549 [INFO]   -> New best val_loss=2.0213, saved to checkpoints/depthg_dinov3/best.pt
2026-04-14 17:42:10,721 [INFO] Epoch 7 step 0/372 | loss=2.0269 (stego=1.7623, depth=0.8823)
2026-04-14 17:42:12,846 [INFO] Epoch 7 step 10/372 | loss=2.0429 (stego=1.7757, depth=0.8908)
2026-04-14 17:42:14,892 [INFO] Epoch 7 step 20/372 | loss=2.0283 (stego=1.7592, depth=0.8973)
2026-04-14 17:42:16,868 [INFO] Epoch 7 step 30/372 | loss=1.9895 (stego=1.7308, depth=0.8624)
2026-04-14 17:42:18,455 [INFO] Epoch 7 step 40/372 | loss=2.0368 (stego=1.7725, depth=0.8807)
2026-04-14 17:42:20,033 [INFO] Epoch 7 step 50/372 | loss=2.0393 (stego=1.7736, depth=0.8855)
2026-04-14 17:42:21,835 [INFO] Epoch 7 step 60/372 | loss=2.0098 (stego=1.7492, depth=0.8686)
2026-04-14 17:42:23,800 [INFO] Epoch 7 step 70/372 | loss=2.0160 (stego=1.7512, depth=0.8826)
2026-04-14 17:42:25,758 [INFO] Epoch 7 step 80/372 | loss=1.9968 (stego=1.7349, depth=0.8728)
2026-04-14 17:42:27,535 [INFO] Epoch 7 step 90/372 | loss=2.0089 (stego=1.7528, depth=0.8536)
2026-04-14 17:42:29,224 [INFO] Epoch 7 step 100/372 | loss=2.0182 (stego=1.7546, depth=0.8788)
2026-04-14 17:42:30,924 [INFO] Epoch 7 step 110/372 | loss=2.0034 (stego=1.7397, depth=0.8790)
2026-04-14 17:42:32,558 [INFO] Epoch 7 step 120/372 | loss=2.0408 (stego=1.7752, depth=0.8854)
2026-04-14 17:42:34,559 [INFO] Epoch 7 step 130/372 | loss=2.0529 (stego=1.7888, depth=0.8803)
2026-04-14 17:42:36,605 [INFO] Epoch 7 step 140/372 | loss=2.0283 (stego=1.7643, depth=0.8798)
2026-04-14 17:42:38,244 [INFO] Epoch 7 step 150/372 | loss=2.0041 (stego=1.7395, depth=0.8820)
2026-04-14 17:42:39,891 [INFO] Epoch 7 step 160/372 | loss=2.0492 (stego=1.7809, depth=0.8944)
2026-04-14 17:42:41,766 [INFO] Epoch 7 step 170/372 | loss=2.0237 (stego=1.7638, depth=0.8663)
2026-04-14 17:42:43,574 [INFO] Epoch 7 step 180/372 | loss=2.0110 (stego=1.7511, depth=0.8663)
2026-04-14 17:42:45,954 [INFO] Epoch 7 step 190/372 | loss=2.0161 (stego=1.7569, depth=0.8638)
2026-04-14 17:42:47,762 [INFO] Epoch 7 step 200/372 | loss=2.0236 (stego=1.7622, depth=0.8712)
2026-04-14 17:42:49,690 [INFO] Epoch 7 step 210/372 | loss=2.0419 (stego=1.7824, depth=0.8649)
2026-04-14 17:42:51,407 [INFO] Epoch 7 step 220/372 | loss=2.0276 (stego=1.7646, depth=0.8766)
2026-04-14 17:42:53,341 [INFO] Epoch 7 step 230/372 | loss=2.0016 (stego=1.7418, depth=0.8659)
2026-04-14 17:42:55,114 [INFO] Epoch 7 step 240/372 | loss=2.0067 (stego=1.7448, depth=0.8732)
2026-04-14 17:42:57,095 [INFO] Epoch 7 step 250/372 | loss=2.0229 (stego=1.7666, depth=0.8543)
2026-04-14 17:42:59,006 [INFO] Epoch 7 step 260/372 | loss=1.9823 (stego=1.7213, depth=0.8702)
2026-04-14 17:43:00,797 [INFO] Epoch 7 step 270/372 | loss=2.0140 (stego=1.7568, depth=0.8572)
2026-04-14 17:43:02,369 [INFO] Epoch 7 step 280/372 | loss=2.0347 (stego=1.7741, depth=0.8689)
2026-04-14 17:43:04,163 [INFO] Epoch 7 step 290/372 | loss=2.0165 (stego=1.7566, depth=0.8663)
2026-04-14 17:43:06,359 [INFO] Epoch 7 step 300/372 | loss=2.0334 (stego=1.7665, depth=0.8896)
2026-04-14 17:43:08,592 [INFO] Epoch 7 step 310/372 | loss=2.0179 (stego=1.7533, depth=0.8818)
2026-04-14 17:43:10,439 [INFO] Epoch 7 step 320/372 | loss=2.0216 (stego=1.7601, depth=0.8715)
2026-04-14 17:43:12,372 [INFO] Epoch 7 step 330/372 | loss=2.0193 (stego=1.7528, depth=0.8885)
2026-04-14 17:43:14,152 [INFO] Epoch 7 step 340/372 | loss=2.0104 (stego=1.7461, depth=0.8811)
2026-04-14 17:43:15,980 [INFO] Epoch 7 step 350/372 | loss=2.0219 (stego=1.7572, depth=0.8825)
2026-04-14 17:43:18,267 [INFO] Epoch 7 step 360/372 | loss=1.9951 (stego=1.7359, depth=0.8640)
2026-04-14 17:43:20,263 [INFO] Epoch 7 step 370/372 | loss=2.0215 (stego=1.7576, depth=0.8797)
2026-04-14 17:43:29,689 [INFO] Epoch 7/19 | train_loss=2.0174 val_loss=2.0187 lr=0.000655 elapsed=602s
2026-04-14 17:43:29,695 [INFO]   -> New best val_loss=2.0187, saved to checkpoints/depthg_dinov3/best.pt
2026-04-14 17:43:29,843 [INFO] Epoch 8 step 0/372 | loss=2.0165 (stego=1.7535, depth=0.8766)
2026-04-14 17:43:31,840 [INFO] Epoch 8 step 10/372 | loss=2.0258 (stego=1.7560, depth=0.8991)
2026-04-14 17:43:34,134 [INFO] Epoch 8 step 20/372 | loss=2.0024 (stego=1.7398, depth=0.8753)
2026-04-14 17:43:36,099 [INFO] Epoch 8 step 30/372 | loss=2.0077 (stego=1.7484, depth=0.8643)
2026-04-14 17:43:37,739 [INFO] Epoch 8 step 40/372 | loss=2.0102 (stego=1.7488, depth=0.8711)
2026-04-14 17:43:39,530 [INFO] Epoch 8 step 50/372 | loss=1.9957 (stego=1.7395, depth=0.8539)
2026-04-14 17:43:41,302 [INFO] Epoch 8 step 60/372 | loss=2.0151 (stego=1.7540, depth=0.8705)
2026-04-14 17:43:43,626 [INFO] Epoch 8 step 70/372 | loss=2.0191 (stego=1.7588, depth=0.8677)
2026-04-14 17:43:45,382 [INFO] Epoch 8 step 80/372 | loss=2.0287 (stego=1.7662, depth=0.8748)
2026-04-14 17:43:47,207 [INFO] Epoch 8 step 90/372 | loss=1.9861 (stego=1.7247, depth=0.8712)
2026-04-14 17:43:48,985 [INFO] Epoch 8 step 100/372 | loss=2.0180 (stego=1.7544, depth=0.8787)
2026-04-14 17:43:50,763 [INFO] Epoch 8 step 110/372 | loss=2.0263 (stego=1.7653, depth=0.8700)
2026-04-14 17:43:52,662 [INFO] Epoch 8 step 120/372 | loss=2.0167 (stego=1.7547, depth=0.8735)
2026-04-14 17:43:54,613 [INFO] Epoch 8 step 130/372 | loss=2.0196 (stego=1.7585, depth=0.8704)
2026-04-14 17:43:56,615 [INFO] Epoch 8 step 140/372 | loss=2.0130 (stego=1.7509, depth=0.8739)
2026-04-14 17:43:58,214 [INFO] Epoch 8 step 150/372 | loss=2.0303 (stego=1.7621, depth=0.8939)
2026-04-14 17:44:00,158 [INFO] Epoch 8 step 160/372 | loss=1.9973 (stego=1.7400, depth=0.8579)
2026-04-14 17:44:01,940 [INFO] Epoch 8 step 170/372 | loss=2.0163 (stego=1.7529, depth=0.8780)
2026-04-14 17:44:03,669 [INFO] Epoch 8 step 180/372 | loss=2.0104 (stego=1.7511, depth=0.8643)
2026-04-14 17:44:05,448 [INFO] Epoch 8 step 190/372 | loss=2.0248 (stego=1.7604, depth=0.8812)
2026-04-14 17:44:07,842 [INFO] Epoch 8 step 200/372 | loss=2.0049 (stego=1.7416, depth=0.8774)
2026-04-14 17:44:09,579 [INFO] Epoch 8 step 210/372 | loss=2.0072 (stego=1.7425, depth=0.8823)
2026-04-14 17:44:11,546 [INFO] Epoch 8 step 220/372 | loss=2.0168 (stego=1.7516, depth=0.8840)
2026-04-14 17:44:13,207 [INFO] Epoch 8 step 230/372 | loss=2.0001 (stego=1.7400, depth=0.8667)
2026-04-14 17:44:15,117 [INFO] Epoch 8 step 240/372 | loss=1.9943 (stego=1.7309, depth=0.8781)
2026-04-14 17:44:17,031 [INFO] Epoch 8 step 250/372 | loss=2.0128 (stego=1.7513, depth=0.8716)
2026-04-14 17:44:18,952 [INFO] Epoch 8 step 260/372 | loss=2.0250 (stego=1.7628, depth=0.8741)
2026-04-14 17:44:21,012 [INFO] Epoch 8 step 270/372 | loss=2.0496 (stego=1.7831, depth=0.8885)
2026-04-14 17:44:22,807 [INFO] Epoch 8 step 280/372 | loss=2.0257 (stego=1.7649, depth=0.8693)
2026-04-14 17:44:24,695 [INFO] Epoch 8 step 290/372 | loss=2.0453 (stego=1.7808, depth=0.8814)
2026-04-14 17:44:26,674 [INFO] Epoch 8 step 300/372 | loss=2.0365 (stego=1.7704, depth=0.8871)
2026-04-14 17:44:28,767 [INFO] Epoch 8 step 310/372 | loss=1.9945 (stego=1.7351, depth=0.8647)
2026-04-14 17:44:30,695 [INFO] Epoch 8 step 320/372 | loss=2.0027 (stego=1.7475, depth=0.8505)
2026-04-14 17:44:32,541 [INFO] Epoch 8 step 330/372 | loss=2.0148 (stego=1.7480, depth=0.8893)
2026-04-14 17:44:34,298 [INFO] Epoch 8 step 340/372 | loss=2.0105 (stego=1.7568, depth=0.8454)
2026-04-14 17:44:36,168 [INFO] Epoch 8 step 350/372 | loss=2.0057 (stego=1.7438, depth=0.8730)
2026-04-14 17:44:38,056 [INFO] Epoch 8 step 360/372 | loss=2.0205 (stego=1.7566, depth=0.8794)
2026-04-14 17:44:39,959 [INFO] Epoch 8 step 370/372 | loss=2.0157 (stego=1.7553, depth=0.8679)
2026-04-14 17:44:49,228 [INFO] Epoch 8/19 | train_loss=2.0144 val_loss=2.0172 lr=0.000578 elapsed=681s
2026-04-14 17:44:49,238 [INFO]   -> New best val_loss=2.0172, saved to checkpoints/depthg_dinov3/best.pt
2026-04-14 17:44:49,422 [INFO] Epoch 9 step 0/372 | loss=2.0312 (stego=1.7667, depth=0.8818)
2026-04-14 17:44:51,095 [INFO] Epoch 9 step 10/372 | loss=2.0015 (stego=1.7385, depth=0.8769)
2026-04-14 17:44:53,031 [INFO] Epoch 9 step 20/372 | loss=1.9992 (stego=1.7401, depth=0.8636)
2026-04-14 17:44:54,791 [INFO] Epoch 9 step 30/372 | loss=1.9956 (stego=1.7347, depth=0.8697)
2026-04-14 17:44:56,545 [INFO] Epoch 9 step 40/372 | loss=2.0259 (stego=1.7642, depth=0.8724)
2026-04-14 17:44:58,352 [INFO] Epoch 9 step 50/372 | loss=2.0279 (stego=1.7644, depth=0.8785)
2026-04-14 17:45:00,110 [INFO] Epoch 9 step 60/372 | loss=2.0069 (stego=1.7422, depth=0.8822)
2026-04-14 17:45:02,200 [INFO] Epoch 9 step 70/372 | loss=1.9782 (stego=1.7130, depth=0.8841)
2026-04-14 17:45:04,187 [INFO] Epoch 9 step 80/372 | loss=1.9934 (stego=1.7300, depth=0.8779)
2026-04-14 17:45:06,042 [INFO] Epoch 9 step 90/372 | loss=2.0200 (stego=1.7546, depth=0.8848)
2026-04-14 17:45:08,131 [INFO] Epoch 9 step 100/372 | loss=2.0238 (stego=1.7597, depth=0.8805)
2026-04-14 17:45:10,249 [INFO] Epoch 9 step 110/372 | loss=1.9904 (stego=1.7261, depth=0.8808)
2026-04-14 17:45:12,848 [INFO] Epoch 9 step 120/372 | loss=1.9836 (stego=1.7227, depth=0.8698)
2026-04-14 17:45:14,977 [INFO] Epoch 9 step 130/372 | loss=2.0239 (stego=1.7553, depth=0.8953)
2026-04-14 17:45:16,858 [INFO] Epoch 9 step 140/372 | loss=2.0167 (stego=1.7515, depth=0.8840)
2026-04-14 17:45:19,242 [INFO] Epoch 9 step 150/372 | loss=2.0097 (stego=1.7491, depth=0.8688)
2026-04-14 17:45:21,201 [INFO] Epoch 9 step 160/372 | loss=2.0059 (stego=1.7439, depth=0.8733)
2026-04-14 17:45:23,793 [INFO] Epoch 9 step 170/372 | loss=2.0084 (stego=1.7469, depth=0.8718)
2026-04-14 17:45:26,173 [INFO] Epoch 9 step 180/372 | loss=2.0119 (stego=1.7451, depth=0.8891)
2026-04-14 17:45:28,008 [INFO] Epoch 9 step 190/372 | loss=2.0411 (stego=1.7727, depth=0.8947)
2026-04-14 17:45:29,973 [INFO] Epoch 9 step 200/372 | loss=2.0097 (stego=1.7448, depth=0.8832)
2026-04-14 17:45:32,343 [INFO] Epoch 9 step 210/372 | loss=2.0123 (stego=1.7482, depth=0.8803)
2026-04-14 17:45:35,038 [INFO] Epoch 9 step 220/372 | loss=2.0111 (stego=1.7438, depth=0.8908)
2026-04-14 17:45:37,133 [INFO] Epoch 9 step 230/372 | loss=2.0229 (stego=1.7584, depth=0.8816)
2026-04-14 17:45:38,979 [INFO] Epoch 9 step 240/372 | loss=1.9828 (stego=1.7268, depth=0.8532)
2026-04-14 17:45:41,116 [INFO] Epoch 9 step 250/372 | loss=1.9991 (stego=1.7340, depth=0.8836)
2026-04-14 17:45:43,212 [INFO] Epoch 9 step 260/372 | loss=2.0016 (stego=1.7398, depth=0.8730)
2026-04-14 17:45:45,410 [INFO] Epoch 9 step 270/372 | loss=2.0033 (stego=1.7390, depth=0.8807)
2026-04-14 17:45:47,755 [INFO] Epoch 9 step 280/372 | loss=2.0236 (stego=1.7601, depth=0.8781)
2026-04-14 17:45:49,975 [INFO] Epoch 9 step 290/372 | loss=2.0114 (stego=1.7444, depth=0.8901)
2026-04-14 17:45:51,862 [INFO] Epoch 9 step 300/372 | loss=2.0132 (stego=1.7487, depth=0.8817)
2026-04-14 17:45:54,036 [INFO] Epoch 9 step 310/372 | loss=2.0127 (stego=1.7548, depth=0.8597)
2026-04-14 17:45:56,316 [INFO] Epoch 9 step 320/372 | loss=2.0221 (stego=1.7562, depth=0.8864)
2026-04-14 17:45:58,396 [INFO] Epoch 9 step 330/372 | loss=2.0012 (stego=1.7418, depth=0.8647)
2026-04-14 17:46:00,098 [INFO] Epoch 9 step 340/372 | loss=1.9999 (stego=1.7370, depth=0.8762)
2026-04-14 17:46:02,088 [INFO] Epoch 9 step 350/372 | loss=1.9965 (stego=1.7327, depth=0.8794)
2026-04-14 17:46:04,250 [INFO] Epoch 9 step 360/372 | loss=2.0028 (stego=1.7418, depth=0.8700)
2026-04-14 17:46:06,194 [INFO] Epoch 9 step 370/372 | loss=2.0104 (stego=1.7477, depth=0.8756)
2026-04-14 17:46:17,123 [INFO] Epoch 9/19 | train_loss=2.0116 val_loss=2.0152 lr=0.000500 elapsed=769s
2026-04-14 17:46:17,149 [INFO]   -> New best val_loss=2.0152, saved to checkpoints/depthg_dinov3/best.pt
2026-04-14 17:46:17,308 [INFO] Epoch 10 step 0/372 | loss=2.0144 (stego=1.7525, depth=0.8729)
2026-04-14 17:46:19,213 [INFO] Epoch 10 step 10/372 | loss=2.0172 (stego=1.7538, depth=0.8779)
2026-04-14 17:46:21,094 [INFO] Epoch 10 step 20/372 | loss=2.0005 (stego=1.7390, depth=0.8717)
2026-04-14 17:46:23,244 [INFO] Epoch 10 step 30/372 | loss=2.0166 (stego=1.7500, depth=0.8886)
2026-04-14 17:46:25,504 [INFO] Epoch 10 step 40/372 | loss=1.9883 (stego=1.7279, depth=0.8679)
2026-04-14 17:46:27,825 [INFO] Epoch 10 step 50/372 | loss=2.0071 (stego=1.7422, depth=0.8829)
2026-04-14 17:46:30,075 [INFO] Epoch 10 step 60/372 | loss=2.0005 (stego=1.7423, depth=0.8607)
2026-04-14 17:46:31,877 [INFO] Epoch 10 step 70/372 | loss=2.0085 (stego=1.7424, depth=0.8870)
2026-04-14 17:46:34,020 [INFO] Epoch 10 step 80/372 | loss=2.0283 (stego=1.7644, depth=0.8797)
2026-04-14 17:46:36,159 [INFO] Epoch 10 step 90/372 | loss=2.0172 (stego=1.7478, depth=0.8977)
2026-04-14 17:46:37,935 [INFO] Epoch 10 step 100/372 | loss=2.0192 (stego=1.7512, depth=0.8933)
2026-04-14 17:46:39,907 [INFO] Epoch 10 step 110/372 | loss=2.0170 (stego=1.7544, depth=0.8752)
2026-04-14 17:46:41,447 [INFO] Epoch 10 step 120/372 | loss=1.9975 (stego=1.7397, depth=0.8596)
2026-04-14 17:46:43,654 [INFO] Epoch 10 step 130/372 | loss=2.0025 (stego=1.7398, depth=0.8756)
2026-04-14 17:46:45,824 [INFO] Epoch 10 step 140/372 | loss=2.0155 (stego=1.7506, depth=0.8831)
2026-04-14 17:46:47,744 [INFO] Epoch 10 step 150/372 | loss=2.0157 (stego=1.7538, depth=0.8728)
2026-04-14 17:46:49,716 [INFO] Epoch 10 step 160/372 | loss=1.9886 (stego=1.7229, depth=0.8859)
2026-04-14 17:46:51,556 [INFO] Epoch 10 step 170/372 | loss=2.0109 (stego=1.7487, depth=0.8737)
2026-04-14 17:46:53,511 [INFO] Epoch 10 step 180/372 | loss=2.0180 (stego=1.7477, depth=0.9011)
2026-04-14 17:46:55,397 [INFO] Epoch 10 step 190/372 | loss=1.9937 (stego=1.7294, depth=0.8811)
2026-04-14 17:46:57,643 [INFO] Epoch 10 step 200/372 | loss=2.0266 (stego=1.7624, depth=0.8805)
2026-04-14 17:46:59,489 [INFO] Epoch 10 step 210/372 | loss=2.0119 (stego=1.7492, depth=0.8757)
2026-04-14 17:47:01,039 [INFO] Epoch 10 step 220/372 | loss=2.0221 (stego=1.7544, depth=0.8922)
2026-04-14 17:47:03,272 [INFO] Epoch 10 step 230/372 | loss=2.0242 (stego=1.7590, depth=0.8842)
2026-04-14 17:47:05,591 [INFO] Epoch 10 step 240/372 | loss=2.0022 (stego=1.7397, depth=0.8749)
2026-04-14 17:47:08,106 [INFO] Epoch 10 step 250/372 | loss=2.0356 (stego=1.7674, depth=0.8941)
2026-04-14 17:47:10,146 [INFO] Epoch 10 step 260/372 | loss=2.0037 (stego=1.7401, depth=0.8789)
2026-04-14 17:47:11,912 [INFO] Epoch 10 step 270/372 | loss=2.0034 (stego=1.7416, depth=0.8728)
2026-04-14 17:47:14,015 [INFO] Epoch 10 step 280/372 | loss=2.0112 (stego=1.7479, depth=0.8776)
2026-04-14 17:47:16,306 [INFO] Epoch 10 step 290/372 | loss=1.9991 (stego=1.7383, depth=0.8696)
2026-04-14 17:47:18,315 [INFO] Epoch 10 step 300/372 | loss=2.0091 (stego=1.7515, depth=0.8587)
2026-04-14 17:47:20,240 [INFO] Epoch 10 step 310/372 | loss=1.9927 (stego=1.7317, depth=0.8698)
2026-04-14 17:47:22,069 [INFO] Epoch 10 step 320/372 | loss=2.0196 (stego=1.7548, depth=0.8826)
2026-04-14 17:47:23,941 [INFO] Epoch 10 step 330/372 | loss=2.0105 (stego=1.7496, depth=0.8698)
2026-04-14 17:47:26,339 [INFO] Epoch 10 step 340/372 | loss=2.0113 (stego=1.7511, depth=0.8672)
2026-04-14 17:47:28,154 [INFO] Epoch 10 step 350/372 | loss=2.0070 (stego=1.7461, depth=0.8698)
2026-04-14 17:47:30,440 [INFO] Epoch 10 step 360/372 | loss=2.0027 (stego=1.7371, depth=0.8854)
2026-04-14 17:47:32,587 [INFO] Epoch 10 step 370/372 | loss=2.0110 (stego=1.7479, depth=0.8772)
2026-04-14 17:47:43,302 [INFO] Epoch 10/19 | train_loss=2.0092 val_loss=2.0132 lr=0.000422 elapsed=856s
2026-04-14 17:47:43,311 [INFO]   -> New best val_loss=2.0132, saved to checkpoints/depthg_dinov3/best.pt
2026-04-14 17:47:43,491 [INFO] Epoch 11 step 0/372 | loss=2.0219 (stego=1.7581, depth=0.8793)
2026-04-14 17:47:45,911 [INFO] Epoch 11 step 10/372 | loss=2.0097 (stego=1.7407, depth=0.8964)
2026-04-14 17:47:47,935 [INFO] Epoch 11 step 20/372 | loss=2.0253 (stego=1.7592, depth=0.8870)
2026-04-14 17:47:49,967 [INFO] Epoch 11 step 30/372 | loss=1.9989 (stego=1.7364, depth=0.8749)
2026-04-14 17:47:52,107 [INFO] Epoch 11 step 40/372 | loss=2.0112 (stego=1.7464, depth=0.8828)
2026-04-14 17:47:54,018 [INFO] Epoch 11 step 50/372 | loss=1.9986 (stego=1.7393, depth=0.8644)
2026-04-14 17:47:56,274 [INFO] Epoch 11 step 60/372 | loss=1.9856 (stego=1.7265, depth=0.8638)
2026-04-14 17:47:58,397 [INFO] Epoch 11 step 70/372 | loss=2.0125 (stego=1.7481, depth=0.8812)
2026-04-14 17:48:00,386 [INFO] Epoch 11 step 80/372 | loss=2.0006 (stego=1.7376, depth=0.8767)
2026-04-14 17:48:02,452 [INFO] Epoch 11 step 90/372 | loss=1.9903 (stego=1.7248, depth=0.8851)
2026-04-14 17:48:04,562 [INFO] Epoch 11 step 100/372 | loss=2.0145 (stego=1.7501, depth=0.8813)
2026-04-14 17:48:06,892 [INFO] Epoch 11 step 110/372 | loss=1.9948 (stego=1.7268, depth=0.8934)
2026-04-14 17:48:09,099 [INFO] Epoch 11 step 120/372 | loss=2.0114 (stego=1.7499, depth=0.8718)
2026-04-14 17:48:11,102 [INFO] Epoch 11 step 130/372 | loss=2.0149 (stego=1.7511, depth=0.8794)
2026-04-14 17:48:13,006 [INFO] Epoch 11 step 140/372 | loss=2.0256 (stego=1.7610, depth=0.8822)
2026-04-14 17:48:15,166 [INFO] Epoch 11 step 150/372 | loss=2.0021 (stego=1.7378, depth=0.8812)
2026-04-14 17:48:17,132 [INFO] Epoch 11 step 160/372 | loss=2.0179 (stego=1.7550, depth=0.8762)
2026-04-14 17:48:19,387 [INFO] Epoch 11 step 170/372 | loss=2.0090 (stego=1.7406, depth=0.8947)
2026-04-14 17:48:21,302 [INFO] Epoch 11 step 180/372 | loss=1.9732 (stego=1.7149, depth=0.8607)
2026-04-14 17:48:23,396 [INFO] Epoch 11 step 190/372 | loss=1.9993 (stego=1.7347, depth=0.8819)
2026-04-14 17:48:25,364 [INFO] Epoch 11 step 200/372 | loss=2.0016 (stego=1.7382, depth=0.8781)
2026-04-14 17:48:27,260 [INFO] Epoch 11 step 210/372 | loss=2.0009 (stego=1.7373, depth=0.8788)
2026-04-14 17:48:29,170 [INFO] Epoch 11 step 220/372 | loss=1.9786 (stego=1.7167, depth=0.8731)
2026-04-14 17:48:31,493 [INFO] Epoch 11 step 230/372 | loss=2.0192 (stego=1.7521, depth=0.8902)
2026-04-14 17:48:33,649 [INFO] Epoch 11 step 240/372 | loss=2.0120 (stego=1.7499, depth=0.8734)
2026-04-14 17:48:35,920 [INFO] Epoch 11 step 250/372 | loss=2.0168 (stego=1.7556, depth=0.8706)
2026-04-14 17:48:38,102 [INFO] Epoch 11 step 260/372 | loss=2.0046 (stego=1.7466, depth=0.8600)
2026-04-14 17:48:40,178 [INFO] Epoch 11 step 270/372 | loss=2.0072 (stego=1.7405, depth=0.8891)
2026-04-14 17:48:42,287 [INFO] Epoch 11 step 280/372 | loss=2.0333 (stego=1.7714, depth=0.8728)
2026-04-14 17:48:44,437 [INFO] Epoch 11 step 290/372 | loss=2.0237 (stego=1.7556, depth=0.8936)
2026-04-14 17:48:46,410 [INFO] Epoch 11 step 300/372 | loss=1.9956 (stego=1.7360, depth=0.8654)
2026-04-14 17:48:48,412 [INFO] Epoch 11 step 310/372 | loss=2.0265 (stego=1.7637, depth=0.8758)
2026-04-14 17:48:50,536 [INFO] Epoch 11 step 320/372 | loss=2.0014 (stego=1.7379, depth=0.8783)
2026-04-14 17:48:52,987 [INFO] Epoch 11 step 330/372 | loss=2.0000 (stego=1.7358, depth=0.8806)
2026-04-14 17:48:55,196 [INFO] Epoch 11 step 340/372 | loss=1.9893 (stego=1.7251, depth=0.8805)
2026-04-14 17:48:57,562 [INFO] Epoch 11 step 350/372 | loss=1.9938 (stego=1.7265, depth=0.8912)
2026-04-14 17:48:59,517 [INFO] Epoch 11 step 360/372 | loss=2.0195 (stego=1.7514, depth=0.8937)
2026-04-14 17:49:01,702 [INFO] Epoch 11 step 370/372 | loss=2.0076 (stego=1.7527, depth=0.8498)
2026-04-14 17:49:12,399 [INFO] Epoch 11/19 | train_loss=2.0068 val_loss=2.0123 lr=0.000345 elapsed=945s
2026-04-14 17:49:12,443 [INFO]   -> New best val_loss=2.0123, saved to checkpoints/depthg_dinov3/best.pt
2026-04-14 17:49:12,762 [INFO] Epoch 12 step 0/372 | loss=1.9969 (stego=1.7320, depth=0.8830)
2026-04-14 17:49:14,871 [INFO] Epoch 12 step 10/372 | loss=2.0006 (stego=1.7439, depth=0.8556)
2026-04-14 17:49:17,542 [INFO] Epoch 12 step 20/372 | loss=1.9867 (stego=1.7202, depth=0.8883)
2026-04-14 17:49:19,509 [INFO] Epoch 12 step 30/372 | loss=2.0125 (stego=1.7468, depth=0.8857)
2026-04-14 17:49:21,469 [INFO] Epoch 12 step 40/372 | loss=1.9992 (stego=1.7301, depth=0.8970)
2026-04-14 17:49:23,148 [INFO] Epoch 12 step 50/372 | loss=2.0243 (stego=1.7605, depth=0.8791)
2026-04-14 17:49:25,137 [INFO] Epoch 12 step 60/372 | loss=1.9969 (stego=1.7364, depth=0.8683)
2026-04-14 17:49:27,116 [INFO] Epoch 12 step 70/372 | loss=1.9939 (stego=1.7293, depth=0.8818)
2026-04-14 17:49:29,294 [INFO] Epoch 12 step 80/372 | loss=1.9808 (stego=1.7163, depth=0.8814)
2026-04-14 17:49:31,371 [INFO] Epoch 12 step 90/372 | loss=1.9896 (stego=1.7291, depth=0.8685)
2026-04-14 17:49:33,104 [INFO] Epoch 12 step 100/372 | loss=2.0211 (stego=1.7584, depth=0.8756)
2026-04-14 17:49:34,924 [INFO] Epoch 12 step 110/372 | loss=2.0080 (stego=1.7475, depth=0.8685)
2026-04-14 17:49:37,273 [INFO] Epoch 12 step 120/372 | loss=2.0013 (stego=1.7388, depth=0.8752)
2026-04-14 17:49:39,341 [INFO] Epoch 12 step 130/372 | loss=2.0129 (stego=1.7515, depth=0.8712)
2026-04-14 17:49:41,491 [INFO] Epoch 12 step 140/372 | loss=2.0097 (stego=1.7429, depth=0.8892)
2026-04-14 17:49:43,259 [INFO] Epoch 12 step 150/372 | loss=1.9783 (stego=1.7179, depth=0.8680)
2026-04-14 17:49:45,091 [INFO] Epoch 12 step 160/372 | loss=1.9989 (stego=1.7356, depth=0.8776)
2026-04-14 17:49:46,952 [INFO] Epoch 12 step 170/372 | loss=1.9685 (stego=1.7082, depth=0.8677)
2026-04-14 17:49:48,682 [INFO] Epoch 12 step 180/372 | loss=1.9833 (stego=1.7232, depth=0.8671)
2026-04-14 17:49:50,777 [INFO] Epoch 12 step 190/372 | loss=2.0048 (stego=1.7365, depth=0.8945)
2026-04-14 17:49:52,931 [INFO] Epoch 12 step 200/372 | loss=1.9869 (stego=1.7304, depth=0.8549)
2026-04-14 17:49:55,090 [INFO] Epoch 12 step 210/372 | loss=2.0140 (stego=1.7485, depth=0.8847)
2026-04-14 17:49:56,833 [INFO] Epoch 12 step 220/372 | loss=2.0271 (stego=1.7582, depth=0.8962)
2026-04-14 17:49:58,963 [INFO] Epoch 12 step 230/372 | loss=2.0259 (stego=1.7568, depth=0.8970)
2026-04-14 17:50:00,904 [INFO] Epoch 12 step 240/372 | loss=1.9927 (stego=1.7225, depth=0.9007)
2026-04-14 17:50:03,031 [INFO] Epoch 12 step 250/372 | loss=1.9867 (stego=1.7236, depth=0.8771)
2026-04-14 17:50:04,942 [INFO] Epoch 12 step 260/372 | loss=2.0281 (stego=1.7604, depth=0.8924)
2026-04-14 17:50:07,089 [INFO] Epoch 12 step 270/372 | loss=1.9798 (stego=1.7166, depth=0.8776)
2026-04-14 17:50:08,838 [INFO] Epoch 12 step 280/372 | loss=1.9887 (stego=1.7275, depth=0.8705)
2026-04-14 17:50:10,731 [INFO] Epoch 12 step 290/372 | loss=2.0038 (stego=1.7410, depth=0.8760)
2026-04-14 17:50:12,783 [INFO] Epoch 12 step 300/372 | loss=1.9935 (stego=1.7301, depth=0.8780)
2026-04-14 17:50:15,053 [INFO] Epoch 12 step 310/372 | loss=1.9742 (stego=1.7134, depth=0.8692)
2026-04-14 17:50:16,954 [INFO] Epoch 12 step 320/372 | loss=2.0009 (stego=1.7415, depth=0.8645)
2026-04-14 17:50:18,837 [INFO] Epoch 12 step 330/372 | loss=2.0314 (stego=1.7725, depth=0.8630)
2026-04-14 17:50:20,889 [INFO] Epoch 12 step 340/372 | loss=1.9967 (stego=1.7335, depth=0.8772)
2026-04-14 17:50:23,008 [INFO] Epoch 12 step 350/372 | loss=1.9811 (stego=1.7182, depth=0.8763)
2026-04-14 17:50:25,310 [INFO] Epoch 12 step 360/372 | loss=2.0103 (stego=1.7436, depth=0.8889)
2026-04-14 17:50:27,510 [INFO] Epoch 12 step 370/372 | loss=1.9992 (stego=1.7382, depth=0.8702)
2026-04-14 17:50:38,260 [INFO] Epoch 12/19 | train_loss=2.0047 val_loss=2.0109 lr=0.000273 elapsed=1031s
2026-04-14 17:50:38,268 [INFO]   -> New best val_loss=2.0109, saved to checkpoints/depthg_dinov3/best.pt
2026-04-14 17:50:38,422 [INFO] Epoch 13 step 0/372 | loss=2.0301 (stego=1.7680, depth=0.8736)
2026-04-14 17:50:40,489 [INFO] Epoch 13 step 10/372 | loss=2.0023 (stego=1.7345, depth=0.8926)
2026-04-14 17:50:42,297 [INFO] Epoch 13 step 20/372 | loss=1.9890 (stego=1.7245, depth=0.8818)
2026-04-14 17:50:44,210 [INFO] Epoch 13 step 30/372 | loss=2.0199 (stego=1.7509, depth=0.8965)
2026-04-14 17:50:46,405 [INFO] Epoch 13 step 40/372 | loss=2.0013 (stego=1.7351, depth=0.8870)
2026-04-14 17:50:48,667 [INFO] Epoch 13 step 50/372 | loss=2.0037 (stego=1.7404, depth=0.8778)
2026-04-14 17:50:50,834 [INFO] Epoch 13 step 60/372 | loss=2.0056 (stego=1.7423, depth=0.8776)
2026-04-14 17:50:52,672 [INFO] Epoch 13 step 70/372 | loss=2.0091 (stego=1.7423, depth=0.8895)
2026-04-14 17:50:55,011 [INFO] Epoch 13 step 80/372 | loss=1.9987 (stego=1.7362, depth=0.8751)
2026-04-14 17:50:57,206 [INFO] Epoch 13 step 90/372 | loss=2.0264 (stego=1.7628, depth=0.8789)
2026-04-14 17:50:59,420 [INFO] Epoch 13 step 100/372 | loss=1.9972 (stego=1.7311, depth=0.8868)
2026-04-14 17:51:01,922 [INFO] Epoch 13 step 110/372 | loss=1.9945 (stego=1.7318, depth=0.8756)
2026-04-14 17:51:03,945 [INFO] Epoch 13 step 120/372 | loss=2.0068 (stego=1.7398, depth=0.8902)
2026-04-14 17:51:05,886 [INFO] Epoch 13 step 130/372 | loss=2.0132 (stego=1.7478, depth=0.8847)
2026-04-14 17:51:07,853 [INFO] Epoch 13 step 140/372 | loss=2.0071 (stego=1.7417, depth=0.8846)
2026-04-14 17:51:09,689 [INFO] Epoch 13 step 150/372 | loss=2.0278 (stego=1.7684, depth=0.8647)
2026-04-14 17:51:12,031 [INFO] Epoch 13 step 160/372 | loss=2.0102 (stego=1.7438, depth=0.8879)
2026-04-14 17:51:13,629 [INFO] Epoch 13 step 170/372 | loss=2.0162 (stego=1.7472, depth=0.8967)
2026-04-14 17:51:15,207 [INFO] Epoch 13 step 180/372 | loss=1.9990 (stego=1.7363, depth=0.8757)
2026-04-14 17:51:17,253 [INFO] Epoch 13 step 190/372 | loss=1.9950 (stego=1.7387, depth=0.8543)
2026-04-14 17:51:19,290 [INFO] Epoch 13 step 200/372 | loss=1.9916 (stego=1.7310, depth=0.8687)
2026-04-14 17:51:21,241 [INFO] Epoch 13 step 210/372 | loss=2.0158 (stego=1.7514, depth=0.8814)
2026-04-14 17:51:23,165 [INFO] Epoch 13 step 220/372 | loss=2.0163 (stego=1.7517, depth=0.8820)
2026-04-14 17:51:25,014 [INFO] Epoch 13 step 230/372 | loss=2.0099 (stego=1.7413, depth=0.8952)
2026-04-14 17:51:27,036 [INFO] Epoch 13 step 240/372 | loss=1.9873 (stego=1.7237, depth=0.8786)
2026-04-14 17:51:28,625 [INFO] Epoch 13 step 250/372 | loss=2.0198 (stego=1.7508, depth=0.8967)
2026-04-14 17:51:30,974 [INFO] Epoch 13 step 260/372 | loss=2.0033 (stego=1.7399, depth=0.8779)
2026-04-14 17:51:33,040 [INFO] Epoch 13 step 270/372 | loss=1.9906 (stego=1.7299, depth=0.8689)
2026-04-14 17:51:34,924 [INFO] Epoch 13 step 280/372 | loss=1.9929 (stego=1.7288, depth=0.8800)
2026-04-14 17:51:36,641 [INFO] Epoch 13 step 290/372 | loss=2.0109 (stego=1.7436, depth=0.8911)
2026-04-14 17:51:38,576 [INFO] Epoch 13 step 300/372 | loss=2.0274 (stego=1.7584, depth=0.8965)
2026-04-14 17:51:40,695 [INFO] Epoch 13 step 310/372 | loss=2.0101 (stego=1.7450, depth=0.8835)
2026-04-14 17:51:42,852 [INFO] Epoch 13 step 320/372 | loss=2.0126 (stego=1.7530, depth=0.8652)
2026-04-14 17:51:45,171 [INFO] Epoch 13 step 330/372 | loss=1.9984 (stego=1.7318, depth=0.8888)
2026-04-14 17:51:47,259 [INFO] Epoch 13 step 340/372 | loss=1.9720 (stego=1.7137, depth=0.8612)
2026-04-14 17:51:49,292 [INFO] Epoch 13 step 350/372 | loss=1.9809 (stego=1.7191, depth=0.8725)
2026-04-14 17:51:51,574 [INFO] Epoch 13 step 360/372 | loss=2.0057 (stego=1.7406, depth=0.8835)
2026-04-14 17:51:53,830 [INFO] Epoch 13 step 370/372 | loss=1.9772 (stego=1.7182, depth=0.8633)
2026-04-14 17:52:04,057 [INFO] Epoch 13/19 | train_loss=2.0028 val_loss=2.0104 lr=0.000206 elapsed=1116s
2026-04-14 17:52:04,064 [INFO]   -> New best val_loss=2.0104, saved to checkpoints/depthg_dinov3/best.pt
2026-04-14 17:52:04,229 [INFO] Epoch 14 step 0/372 | loss=2.0254 (stego=1.7624, depth=0.8767)
2026-04-14 17:52:06,599 [INFO] Epoch 14 step 10/372 | loss=2.0119 (stego=1.7484, depth=0.8783)
2026-04-14 17:52:08,326 [INFO] Epoch 14 step 20/372 | loss=2.0167 (stego=1.7469, depth=0.8991)
2026-04-14 17:52:10,337 [INFO] Epoch 14 step 30/372 | loss=2.0070 (stego=1.7440, depth=0.8766)
2026-04-14 17:52:12,191 [INFO] Epoch 14 step 40/372 | loss=1.9787 (stego=1.7208, depth=0.8596)
2026-04-14 17:52:14,165 [INFO] Epoch 14 step 50/372 | loss=1.9954 (stego=1.7319, depth=0.8781)
2026-04-14 17:52:16,041 [INFO] Epoch 14 step 60/372 | loss=1.9881 (stego=1.7247, depth=0.8779)
2026-04-14 17:52:18,310 [INFO] Epoch 14 step 70/372 | loss=1.9969 (stego=1.7320, depth=0.8831)
2026-04-14 17:52:20,248 [INFO] Epoch 14 step 80/372 | loss=2.0276 (stego=1.7645, depth=0.8770)
2026-04-14 17:52:22,493 [INFO] Epoch 14 step 90/372 | loss=2.0041 (stego=1.7409, depth=0.8771)
2026-04-14 17:52:24,683 [INFO] Epoch 14 step 100/372 | loss=1.9899 (stego=1.7278, depth=0.8737)
2026-04-14 17:52:26,741 [INFO] Epoch 14 step 110/372 | loss=2.0296 (stego=1.7675, depth=0.8737)
2026-04-14 17:52:28,881 [INFO] Epoch 14 step 120/372 | loss=2.0171 (stego=1.7533, depth=0.8793)
2026-04-14 17:52:31,227 [INFO] Epoch 14 step 130/372 | loss=1.9844 (stego=1.7229, depth=0.8719)
2026-04-14 17:52:33,469 [INFO] Epoch 14 step 140/372 | loss=2.0203 (stego=1.7529, depth=0.8915)
2026-04-14 17:52:35,343 [INFO] Epoch 14 step 150/372 | loss=1.9996 (stego=1.7336, depth=0.8867)
2026-04-14 17:52:37,409 [INFO] Epoch 14 step 160/372 | loss=1.9767 (stego=1.7116, depth=0.8838)
2026-04-14 17:52:39,344 [INFO] Epoch 14 step 170/372 | loss=1.9890 (stego=1.7286, depth=0.8678)
2026-04-14 17:52:41,595 [INFO] Epoch 14 step 180/372 | loss=2.0152 (stego=1.7488, depth=0.8881)
2026-04-14 17:52:43,668 [INFO] Epoch 14 step 190/372 | loss=2.0085 (stego=1.7431, depth=0.8845)
2026-04-14 17:52:45,693 [INFO] Epoch 14 step 200/372 | loss=1.9992 (stego=1.7446, depth=0.8488)
2026-04-14 17:52:47,418 [INFO] Epoch 14 step 210/372 | loss=2.0045 (stego=1.7408, depth=0.8790)
2026-04-14 17:52:49,266 [INFO] Epoch 14 step 220/372 | loss=2.0348 (stego=1.7636, depth=0.9040)
2026-04-14 17:52:51,488 [INFO] Epoch 14 step 230/372 | loss=1.9880 (stego=1.7245, depth=0.8783)
2026-04-14 17:52:53,870 [INFO] Epoch 14 step 240/372 | loss=1.9881 (stego=1.7243, depth=0.8793)
2026-04-14 17:52:55,582 [INFO] Epoch 14 step 250/372 | loss=2.0085 (stego=1.7450, depth=0.8783)
2026-04-14 17:52:57,898 [INFO] Epoch 14 step 260/372 | loss=1.9963 (stego=1.7403, depth=0.8533)
2026-04-14 17:52:59,482 [INFO] Epoch 14 step 270/372 | loss=2.0110 (stego=1.7431, depth=0.8931)
2026-04-14 17:53:01,322 [INFO] Epoch 14 step 280/372 | loss=1.9962 (stego=1.7317, depth=0.8818)
2026-04-14 17:53:03,340 [INFO] Epoch 14 step 290/372 | loss=1.9738 (stego=1.7107, depth=0.8771)
2026-04-14 17:53:05,463 [INFO] Epoch 14 step 300/372 | loss=1.9992 (stego=1.7355, depth=0.8790)
2026-04-14 17:53:07,504 [INFO] Epoch 14 step 310/372 | loss=1.9952 (stego=1.7338, depth=0.8712)
2026-04-14 17:53:09,393 [INFO] Epoch 14 step 320/372 | loss=2.0010 (stego=1.7321, depth=0.8965)
2026-04-14 17:53:11,497 [INFO] Epoch 14 step 330/372 | loss=1.9996 (stego=1.7363, depth=0.8775)
2026-04-14 17:53:13,344 [INFO] Epoch 14 step 340/372 | loss=2.0121 (stego=1.7499, depth=0.8741)
2026-04-14 17:53:15,450 [INFO] Epoch 14 step 350/372 | loss=2.0226 (stego=1.7591, depth=0.8782)
2026-04-14 17:53:17,534 [INFO] Epoch 14 step 360/372 | loss=2.0150 (stego=1.7445, depth=0.9018)
2026-04-14 17:53:19,730 [INFO] Epoch 14 step 370/372 | loss=2.0023 (stego=1.7423, depth=0.8667)
2026-04-14 17:53:30,761 [INFO] Epoch 14/19 | train_loss=2.0010 val_loss=2.0092 lr=0.000146 elapsed=1203s
2026-04-14 17:53:30,769 [INFO]   -> New best val_loss=2.0092, saved to checkpoints/depthg_dinov3/best.pt
2026-04-14 17:53:30,980 [INFO] Epoch 15 step 0/372 | loss=2.0089 (stego=1.7456, depth=0.8775)
2026-04-14 17:53:33,279 [INFO] Epoch 15 step 10/372 | loss=1.9853 (stego=1.7235, depth=0.8725)
2026-04-14 17:53:35,025 [INFO] Epoch 15 step 20/372 | loss=1.9996 (stego=1.7350, depth=0.8822)
2026-04-14 17:53:37,061 [INFO] Epoch 15 step 30/372 | loss=2.0235 (stego=1.7579, depth=0.8852)
2026-04-14 17:53:38,715 [INFO] Epoch 15 step 40/372 | loss=2.0098 (stego=1.7497, depth=0.8668)
2026-04-14 17:53:40,917 [INFO] Epoch 15 step 50/372 | loss=1.9969 (stego=1.7383, depth=0.8623)
2026-04-14 17:53:43,074 [INFO] Epoch 15 step 60/372 | loss=1.9826 (stego=1.7195, depth=0.8772)
2026-04-14 17:53:45,279 [INFO] Epoch 15 step 70/372 | loss=2.0047 (stego=1.7423, depth=0.8745)
2026-04-14 17:53:47,198 [INFO] Epoch 15 step 80/372 | loss=1.9944 (stego=1.7278, depth=0.8884)
2026-04-14 17:53:49,137 [INFO] Epoch 15 step 90/372 | loss=1.9829 (stego=1.7182, depth=0.8825)
2026-04-14 17:53:51,138 [INFO] Epoch 15 step 100/372 | loss=1.9914 (stego=1.7331, depth=0.8609)
2026-04-14 17:53:53,079 [INFO] Epoch 15 step 110/372 | loss=1.9990 (stego=1.7374, depth=0.8719)
2026-04-14 17:53:55,338 [INFO] Epoch 15 step 120/372 | loss=1.9926 (stego=1.7304, depth=0.8739)
2026-04-14 17:53:57,319 [INFO] Epoch 15 step 130/372 | loss=2.0008 (stego=1.7337, depth=0.8905)
2026-04-14 17:53:59,044 [INFO] Epoch 15 step 140/372 | loss=1.9762 (stego=1.7173, depth=0.8630)
2026-04-14 17:54:00,970 [INFO] Epoch 15 step 150/372 | loss=1.9957 (stego=1.7398, depth=0.8530)
2026-04-14 17:54:03,069 [INFO] Epoch 15 step 160/372 | loss=1.9829 (stego=1.7250, depth=0.8598)
2026-04-14 17:54:05,140 [INFO] Epoch 15 step 170/372 | loss=1.9975 (stego=1.7327, depth=0.8828)
2026-04-14 17:54:07,072 [INFO] Epoch 15 step 180/372 | loss=1.9991 (stego=1.7373, depth=0.8727)
2026-04-14 17:54:09,058 [INFO] Epoch 15 step 190/372 | loss=2.0172 (stego=1.7545, depth=0.8756)
2026-04-14 17:54:10,962 [INFO] Epoch 15 step 200/372 | loss=2.0109 (stego=1.7444, depth=0.8885)
2026-04-14 17:54:12,923 [INFO] Epoch 15 step 210/372 | loss=1.9961 (stego=1.7294, depth=0.8891)
2026-04-14 17:54:15,275 [INFO] Epoch 15 step 220/372 | loss=1.9808 (stego=1.7169, depth=0.8796)
2026-04-14 17:54:17,749 [INFO] Epoch 15 step 230/372 | loss=1.9891 (stego=1.7272, depth=0.8730)
2026-04-14 17:54:19,704 [INFO] Epoch 15 step 240/372 | loss=1.9997 (stego=1.7371, depth=0.8753)
2026-04-14 17:54:21,644 [INFO] Epoch 15 step 250/372 | loss=1.9934 (stego=1.7344, depth=0.8632)
2026-04-14 17:54:23,342 [INFO] Epoch 15 step 260/372 | loss=1.9988 (stego=1.7336, depth=0.8839)
2026-04-14 17:54:25,298 [INFO] Epoch 15 step 270/372 | loss=1.9954 (stego=1.7309, depth=0.8817)
2026-04-14 17:54:27,296 [INFO] Epoch 15 step 280/372 | loss=1.9982 (stego=1.7368, depth=0.8715)
2026-04-14 17:54:29,586 [INFO] Epoch 15 step 290/372 | loss=1.9907 (stego=1.7298, depth=0.8697)
2026-04-14 17:54:31,463 [INFO] Epoch 15 step 300/372 | loss=1.9890 (stego=1.7206, depth=0.8945)
2026-04-14 17:54:33,352 [INFO] Epoch 15 step 310/372 | loss=2.0081 (stego=1.7446, depth=0.8785)
2026-04-14 17:54:35,242 [INFO] Epoch 15 step 320/372 | loss=2.0003 (stego=1.7325, depth=0.8927)
2026-04-14 17:54:37,268 [INFO] Epoch 15 step 330/372 | loss=1.9992 (stego=1.7351, depth=0.8803)
2026-04-14 17:54:39,372 [INFO] Epoch 15 step 340/372 | loss=1.9855 (stego=1.7272, depth=0.8610)
2026-04-14 17:54:41,492 [INFO] Epoch 15 step 350/372 | loss=2.0125 (stego=1.7492, depth=0.8775)
2026-04-14 17:54:43,385 [INFO] Epoch 15 step 360/372 | loss=2.0064 (stego=1.7440, depth=0.8746)
2026-04-14 17:54:45,385 [INFO] Epoch 15 step 370/372 | loss=2.0001 (stego=1.7373, depth=0.8762)
2026-04-14 17:54:55,448 [INFO] Epoch 15/19 | train_loss=1.9994 val_loss=2.0085 lr=0.000095 elapsed=1288s
2026-04-14 17:54:55,455 [INFO]   -> New best val_loss=2.0085, saved to checkpoints/depthg_dinov3/best.pt
2026-04-14 17:54:55,749 [INFO] Epoch 16 step 0/372 | loss=1.9921 (stego=1.7253, depth=0.8894)
2026-04-14 17:54:57,833 [INFO] Epoch 16 step 10/372 | loss=2.0024 (stego=1.7359, depth=0.8883)
2026-04-14 17:54:59,982 [INFO] Epoch 16 step 20/372 | loss=1.9918 (stego=1.7290, depth=0.8761)
2026-04-14 17:55:01,983 [INFO] Epoch 16 step 30/372 | loss=2.0119 (stego=1.7419, depth=0.8999)
2026-04-14 17:55:03,982 [INFO] Epoch 16 step 40/372 | loss=2.0009 (stego=1.7357, depth=0.8839)
2026-04-14 17:55:05,726 [INFO] Epoch 16 step 50/372 | loss=1.9849 (stego=1.7169, depth=0.8934)
2026-04-14 17:55:07,617 [INFO] Epoch 16 step 60/372 | loss=1.9945 (stego=1.7331, depth=0.8714)
2026-04-14 17:55:09,901 [INFO] Epoch 16 step 70/372 | loss=2.0273 (stego=1.7563, depth=0.9033)
2026-04-14 17:55:12,410 [INFO] Epoch 16 step 80/372 | loss=2.0026 (stego=1.7389, depth=0.8789)
2026-04-14 17:55:14,606 [INFO] Epoch 16 step 90/372 | loss=1.9773 (stego=1.7139, depth=0.8782)
2026-04-14 17:55:16,947 [INFO] Epoch 16 step 100/372 | loss=1.9724 (stego=1.7085, depth=0.8796)
2026-04-14 17:55:19,299 [INFO] Epoch 16 step 110/372 | loss=2.0185 (stego=1.7547, depth=0.8795)
2026-04-14 17:55:21,133 [INFO] Epoch 16 step 120/372 | loss=1.9996 (stego=1.7353, depth=0.8809)
2026-04-14 17:55:23,481 [INFO] Epoch 16 step 130/372 | loss=2.0395 (stego=1.7745, depth=0.8834)
2026-04-14 17:55:25,680 [INFO] Epoch 16 step 140/372 | loss=1.9982 (stego=1.7346, depth=0.8784)
2026-04-14 17:55:27,276 [INFO] Epoch 16 step 150/372 | loss=1.9801 (stego=1.7193, depth=0.8692)
2026-04-14 17:55:28,856 [INFO] Epoch 16 step 160/372 | loss=2.0015 (stego=1.7360, depth=0.8852)
2026-04-14 17:55:30,489 [INFO] Epoch 16 step 170/372 | loss=2.0070 (stego=1.7403, depth=0.8890)
2026-04-14 17:55:32,470 [INFO] Epoch 16 step 180/372 | loss=2.0262 (stego=1.7628, depth=0.8779)
2026-04-14 17:55:35,128 [INFO] Epoch 16 step 190/372 | loss=2.0373 (stego=1.7682, depth=0.8972)
2026-04-14 17:55:37,300 [INFO] Epoch 16 step 200/372 | loss=2.0079 (stego=1.7403, depth=0.8917)
2026-04-14 17:55:39,199 [INFO] Epoch 16 step 210/372 | loss=1.9874 (stego=1.7232, depth=0.8806)
2026-04-14 17:55:41,241 [INFO] Epoch 16 step 220/372 | loss=1.9851 (stego=1.7177, depth=0.8910)
2026-04-14 17:55:43,029 [INFO] Epoch 16 step 230/372 | loss=1.9697 (stego=1.7057, depth=0.8800)
2026-04-14 17:55:45,063 [INFO] Epoch 16 step 240/372 | loss=1.9922 (stego=1.7269, depth=0.8843)
2026-04-14 17:55:47,273 [INFO] Epoch 16 step 250/372 | loss=1.9884 (stego=1.7264, depth=0.8731)
2026-04-14 17:55:49,157 [INFO] Epoch 16 step 260/372 | loss=1.9874 (stego=1.7218, depth=0.8852)
2026-04-14 17:55:50,960 [INFO] Epoch 16 step 270/372 | loss=2.0030 (stego=1.7393, depth=0.8791)
2026-04-14 17:55:52,662 [INFO] Epoch 16 step 280/372 | loss=2.0103 (stego=1.7481, depth=0.8739)
2026-04-14 17:55:54,704 [INFO] Epoch 16 step 290/372 | loss=2.0108 (stego=1.7435, depth=0.8909)
2026-04-14 17:55:56,637 [INFO] Epoch 16 step 300/372 | loss=1.9752 (stego=1.7110, depth=0.8808)
2026-04-14 17:55:58,995 [INFO] Epoch 16 step 310/372 | loss=1.9722 (stego=1.7103, depth=0.8731)
2026-04-14 17:56:01,075 [INFO] Epoch 16 step 320/372 | loss=1.9998 (stego=1.7390, depth=0.8693)
2026-04-14 17:56:02,772 [INFO] Epoch 16 step 330/372 | loss=2.0127 (stego=1.7441, depth=0.8951)
2026-04-14 17:56:04,620 [INFO] Epoch 16 step 340/372 | loss=1.9831 (stego=1.7138, depth=0.8977)
2026-04-14 17:56:07,373 [INFO] Epoch 16 step 350/372 | loss=1.9883 (stego=1.7301, depth=0.8604)
2026-04-14 17:56:09,323 [INFO] Epoch 16 step 360/372 | loss=2.0053 (stego=1.7418, depth=0.8783)
2026-04-14 17:56:11,569 [INFO] Epoch 16 step 370/372 | loss=1.9882 (stego=1.7249, depth=0.8778)
2026-04-14 17:56:21,671 [INFO] Epoch 16/19 | train_loss=1.9980 val_loss=2.0080 lr=0.000054 elapsed=1374s
2026-04-14 17:56:21,678 [INFO]   -> New best val_loss=2.0080, saved to checkpoints/depthg_dinov3/best.pt
2026-04-14 17:56:21,855 [INFO] Epoch 17 step 0/372 | loss=1.9949 (stego=1.7303, depth=0.8823)
2026-04-14 17:56:23,657 [INFO] Epoch 17 step 10/372 | loss=1.9869 (stego=1.7246, depth=0.8745)
2026-04-14 17:56:25,763 [INFO] Epoch 17 step 20/372 | loss=1.9873 (stego=1.7224, depth=0.8831)
2026-04-14 17:56:27,694 [INFO] Epoch 17 step 30/372 | loss=2.0105 (stego=1.7486, depth=0.8731)
2026-04-14 17:56:29,879 [INFO] Epoch 17 step 40/372 | loss=1.9847 (stego=1.7228, depth=0.8728)
2026-04-14 17:56:31,949 [INFO] Epoch 17 step 50/372 | loss=2.0011 (stego=1.7410, depth=0.8668)
2026-04-14 17:56:33,890 [INFO] Epoch 17 step 60/372 | loss=2.0005 (stego=1.7400, depth=0.8684)
2026-04-14 17:56:35,656 [INFO] Epoch 17 step 70/372 | loss=2.0125 (stego=1.7487, depth=0.8794)
2026-04-14 17:56:37,923 [INFO] Epoch 17 step 80/372 | loss=1.9910 (stego=1.7213, depth=0.8990)
2026-04-14 17:56:40,074 [INFO] Epoch 17 step 90/372 | loss=1.9944 (stego=1.7305, depth=0.8795)
2026-04-14 17:56:42,259 [INFO] Epoch 17 step 100/372 | loss=2.0104 (stego=1.7474, depth=0.8767)
2026-04-14 17:56:44,130 [INFO] Epoch 17 step 110/372 | loss=2.0242 (stego=1.7570, depth=0.8907)
2026-04-14 17:56:46,238 [INFO] Epoch 17 step 120/372 | loss=1.9873 (stego=1.7213, depth=0.8865)
2026-04-14 17:56:48,486 [INFO] Epoch 17 step 130/372 | loss=2.0015 (stego=1.7375, depth=0.8802)
2026-04-14 17:56:50,291 [INFO] Epoch 17 step 140/372 | loss=2.0162 (stego=1.7504, depth=0.8860)
2026-04-14 17:56:52,502 [INFO] Epoch 17 step 150/372 | loss=1.9966 (stego=1.7282, depth=0.8946)
2026-04-14 17:56:54,742 [INFO] Epoch 17 step 160/372 | loss=2.0125 (stego=1.7496, depth=0.8763)
2026-04-14 17:56:57,263 [INFO] Epoch 17 step 170/372 | loss=1.9983 (stego=1.7328, depth=0.8848)
2026-04-14 17:56:59,152 [INFO] Epoch 17 step 180/372 | loss=1.9860 (stego=1.7212, depth=0.8825)
2026-04-14 17:57:01,085 [INFO] Epoch 17 step 190/372 | loss=1.9900 (stego=1.7301, depth=0.8666)
2026-04-14 17:57:03,211 [INFO] Epoch 17 step 200/372 | loss=2.0016 (stego=1.7379, depth=0.8790)
2026-04-14 17:57:05,030 [INFO] Epoch 17 step 210/372 | loss=1.9863 (stego=1.7242, depth=0.8735)
2026-04-14 17:57:07,291 [INFO] Epoch 17 step 220/372 | loss=2.0062 (stego=1.7387, depth=0.8914)
2026-04-14 17:57:09,332 [INFO] Epoch 17 step 230/372 | loss=2.0233 (stego=1.7572, depth=0.8872)
2026-04-14 17:57:11,295 [INFO] Epoch 17 step 240/372 | loss=2.0038 (stego=1.7406, depth=0.8773)
2026-04-14 17:57:13,023 [INFO] Epoch 17 step 250/372 | loss=2.0135 (stego=1.7448, depth=0.8958)
2026-04-14 17:57:14,961 [INFO] Epoch 17 step 260/372 | loss=1.9789 (stego=1.7208, depth=0.8601)
2026-04-14 17:57:16,968 [INFO] Epoch 17 step 270/372 | loss=2.0269 (stego=1.7603, depth=0.8887)
2026-04-14 17:57:19,112 [INFO] Epoch 17 step 280/372 | loss=2.0137 (stego=1.7477, depth=0.8866)
2026-04-14 17:57:21,116 [INFO] Epoch 17 step 290/372 | loss=1.9899 (stego=1.7242, depth=0.8856)
2026-04-14 17:57:22,815 [INFO] Epoch 17 step 300/372 | loss=1.9879 (stego=1.7286, depth=0.8642)
2026-04-14 17:57:24,820 [INFO] Epoch 17 step 310/372 | loss=2.0287 (stego=1.7638, depth=0.8829)
2026-04-14 17:57:26,852 [INFO] Epoch 17 step 320/372 | loss=1.9967 (stego=1.7360, depth=0.8691)
2026-04-14 17:57:28,849 [INFO] Epoch 17 step 330/372 | loss=2.0076 (stego=1.7428, depth=0.8827)
2026-04-14 17:57:31,190 [INFO] Epoch 17 step 340/372 | loss=1.9974 (stego=1.7337, depth=0.8792)
2026-04-14 17:57:33,223 [INFO] Epoch 17 step 350/372 | loss=2.0034 (stego=1.7352, depth=0.8940)
2026-04-14 17:57:35,151 [INFO] Epoch 17 step 360/372 | loss=1.9919 (stego=1.7311, depth=0.8694)
2026-04-14 17:57:37,088 [INFO] Epoch 17 step 370/372 | loss=2.0246 (stego=1.7516, depth=0.9100)
2026-04-14 17:57:47,697 [INFO] Epoch 17/19 | train_loss=1.9972 val_loss=2.0072 lr=0.000024 elapsed=1460s
2026-04-14 17:57:47,704 [INFO]   -> New best val_loss=2.0072, saved to checkpoints/depthg_dinov3/best.pt
2026-04-14 17:57:47,851 [INFO] Epoch 18 step 0/372 | loss=1.9938 (stego=1.7258, depth=0.8934)
2026-04-14 17:57:49,658 [INFO] Epoch 18 step 10/372 | loss=1.9850 (stego=1.7221, depth=0.8765)
2026-04-14 17:57:51,494 [INFO] Epoch 18 step 20/372 | loss=1.9812 (stego=1.7111, depth=0.9002)
2026-04-14 17:57:53,409 [INFO] Epoch 18 step 30/372 | loss=1.9811 (stego=1.7180, depth=0.8770)
2026-04-14 17:57:55,277 [INFO] Epoch 18 step 40/372 | loss=2.0158 (stego=1.7508, depth=0.8832)
2026-04-14 17:57:57,146 [INFO] Epoch 18 step 50/372 | loss=1.9839 (stego=1.7194, depth=0.8818)
2026-04-14 17:57:58,741 [INFO] Epoch 18 step 60/372 | loss=1.9752 (stego=1.7151, depth=0.8668)
2026-04-14 17:58:00,629 [INFO] Epoch 18 step 70/372 | loss=1.9804 (stego=1.7173, depth=0.8768)
2026-04-14 17:58:02,591 [INFO] Epoch 18 step 80/372 | loss=2.0116 (stego=1.7456, depth=0.8866)
2026-04-14 17:58:04,624 [INFO] Epoch 18 step 90/372 | loss=1.9924 (stego=1.7260, depth=0.8881)
2026-04-14 17:58:06,352 [INFO] Epoch 18 step 100/372 | loss=2.0140 (stego=1.7459, depth=0.8939)
2026-04-14 17:58:07,986 [INFO] Epoch 18 step 110/372 | loss=1.9877 (stego=1.7262, depth=0.8718)
2026-04-14 17:58:09,705 [INFO] Epoch 18 step 120/372 | loss=1.9992 (stego=1.7353, depth=0.8797)
2026-04-14 17:58:11,824 [INFO] Epoch 18 step 130/372 | loss=2.0074 (stego=1.7427, depth=0.8824)
2026-04-14 17:58:13,738 [INFO] Epoch 18 step 140/372 | loss=1.9755 (stego=1.7187, depth=0.8561)
2026-04-14 17:58:15,498 [INFO] Epoch 18 step 150/372 | loss=2.0124 (stego=1.7502, depth=0.8740)
2026-04-14 17:58:17,061 [INFO] Epoch 18 step 160/372 | loss=1.9946 (stego=1.7279, depth=0.8891)
2026-04-14 17:58:18,650 [INFO] Epoch 18 step 170/372 | loss=1.9966 (stego=1.7309, depth=0.8858)
2026-04-14 17:58:20,551 [INFO] Epoch 18 step 180/372 | loss=2.0188 (stego=1.7504, depth=0.8947)
2026-04-14 17:58:22,726 [INFO] Epoch 18 step 190/372 | loss=1.9978 (stego=1.7308, depth=0.8900)
2026-04-14 17:58:24,616 [INFO] Epoch 18 step 200/372 | loss=2.0101 (stego=1.7446, depth=0.8852)
2026-04-14 17:58:26,319 [INFO] Epoch 18 step 210/372 | loss=2.0052 (stego=1.7419, depth=0.8776)
2026-04-14 17:58:27,962 [INFO] Epoch 18 step 220/372 | loss=2.0033 (stego=1.7402, depth=0.8768)
2026-04-14 17:58:29,811 [INFO] Epoch 18 step 230/372 | loss=1.9980 (stego=1.7390, depth=0.8635)
2026-04-14 17:58:31,938 [INFO] Epoch 18 step 240/372 | loss=2.0145 (stego=1.7478, depth=0.8891)
2026-04-14 17:58:34,136 [INFO] Epoch 18 step 250/372 | loss=1.9880 (stego=1.7211, depth=0.8895)
2026-04-14 17:58:36,007 [INFO] Epoch 18 step 260/372 | loss=2.0112 (stego=1.7474, depth=0.8794)
2026-04-14 17:58:37,928 [INFO] Epoch 18 step 270/372 | loss=1.9729 (stego=1.7117, depth=0.8706)
2026-04-14 17:58:39,624 [INFO] Epoch 18 step 280/372 | loss=1.9801 (stego=1.7237, depth=0.8547)
2026-04-14 17:58:41,436 [INFO] Epoch 18 step 290/372 | loss=2.0018 (stego=1.7411, depth=0.8690)
2026-04-14 17:58:43,394 [INFO] Epoch 18 step 300/372 | loss=2.0042 (stego=1.7392, depth=0.8834)
2026-04-14 17:58:45,621 [INFO] Epoch 18 step 310/372 | loss=1.9855 (stego=1.7202, depth=0.8844)
2026-04-14 17:58:47,455 [INFO] Epoch 18 step 320/372 | loss=1.9919 (stego=1.7238, depth=0.8939)
2026-04-14 17:58:49,208 [INFO] Epoch 18 step 330/372 | loss=2.0017 (stego=1.7337, depth=0.8932)
2026-04-14 17:58:51,084 [INFO] Epoch 18 step 340/372 | loss=1.9788 (stego=1.7182, depth=0.8686)
2026-04-14 17:58:53,138 [INFO] Epoch 18 step 350/372 | loss=2.0047 (stego=1.7404, depth=0.8812)
2026-04-14 17:58:55,311 [INFO] Epoch 18 step 360/372 | loss=2.0163 (stego=1.7486, depth=0.8921)
2026-04-14 17:58:57,629 [INFO] Epoch 18 step 370/372 | loss=2.0017 (stego=1.7331, depth=0.8953)
2026-04-14 17:59:06,614 [INFO] Epoch 18/19 | train_loss=1.9964 val_loss=2.0072 lr=0.000006 elapsed=1539s
2026-04-14 17:59:06,620 [INFO]   -> New best val_loss=2.0072, saved to checkpoints/depthg_dinov3/best.pt
2026-04-14 17:59:06,771 [INFO] Epoch 19 step 0/372 | loss=1.9908 (stego=1.7313, depth=0.8651)
2026-04-14 17:59:08,177 [INFO] Epoch 19 step 10/372 | loss=2.0032 (stego=1.7401, depth=0.8770)
2026-04-14 17:59:10,153 [INFO] Epoch 19 step 20/372 | loss=1.9764 (stego=1.7143, depth=0.8737)
2026-04-14 17:59:12,303 [INFO] Epoch 19 step 30/372 | loss=1.9995 (stego=1.7375, depth=0.8735)
2026-04-14 17:59:14,381 [INFO] Epoch 19 step 40/372 | loss=2.0233 (stego=1.7573, depth=0.8865)
2026-04-14 17:59:16,346 [INFO] Epoch 19 step 50/372 | loss=2.0097 (stego=1.7386, depth=0.9039)
2026-04-14 17:59:17,894 [INFO] Epoch 19 step 60/372 | loss=1.9800 (stego=1.7182, depth=0.8725)
2026-04-14 17:59:19,560 [INFO] Epoch 19 step 70/372 | loss=2.0020 (stego=1.7364, depth=0.8856)
2026-04-14 17:59:21,508 [INFO] Epoch 19 step 80/372 | loss=2.0027 (stego=1.7347, depth=0.8933)
2026-04-14 17:59:23,459 [INFO] Epoch 19 step 90/372 | loss=1.9917 (stego=1.7295, depth=0.8740)
2026-04-14 17:59:25,351 [INFO] Epoch 19 step 100/372 | loss=1.9920 (stego=1.7256, depth=0.8879)
2026-04-14 17:59:27,032 [INFO] Epoch 19 step 110/372 | loss=2.0048 (stego=1.7416, depth=0.8772)
2026-04-14 17:59:28,659 [INFO] Epoch 19 step 120/372 | loss=2.0126 (stego=1.7504, depth=0.8741)
2026-04-14 17:59:30,320 [INFO] Epoch 19 step 130/372 | loss=1.9905 (stego=1.7251, depth=0.8847)
2026-04-14 17:59:32,249 [INFO] Epoch 19 step 140/372 | loss=1.9826 (stego=1.7190, depth=0.8787)
2026-04-14 17:59:34,483 [INFO] Epoch 19 step 150/372 | loss=1.9678 (stego=1.7048, depth=0.8769)
2026-04-14 17:59:36,006 [INFO] Epoch 19 step 160/372 | loss=2.0081 (stego=1.7445, depth=0.8785)
2026-04-14 17:59:37,627 [INFO] Epoch 19 step 170/372 | loss=1.9836 (stego=1.7216, depth=0.8732)
2026-04-14 17:59:39,226 [INFO] Epoch 19 step 180/372 | loss=1.9925 (stego=1.7290, depth=0.8783)
2026-04-14 17:59:40,853 [INFO] Epoch 19 step 190/372 | loss=2.0026 (stego=1.7384, depth=0.8806)
2026-04-14 17:59:42,797 [INFO] Epoch 19 step 200/372 | loss=2.0039 (stego=1.7379, depth=0.8866)
2026-04-14 17:59:44,724 [INFO] Epoch 19 step 210/372 | loss=1.9965 (stego=1.7299, depth=0.8887)
2026-04-14 17:59:46,706 [INFO] Epoch 19 step 220/372 | loss=1.9908 (stego=1.7277, depth=0.8771)
2026-04-14 17:59:48,192 [INFO] Epoch 19 step 230/372 | loss=1.9863 (stego=1.7297, depth=0.8555)
2026-04-14 17:59:49,734 [INFO] Epoch 19 step 240/372 | loss=1.9899 (stego=1.7287, depth=0.8710)
2026-04-14 17:59:51,543 [INFO] Epoch 19 step 250/372 | loss=1.9855 (stego=1.7190, depth=0.8885)
2026-04-14 17:59:53,859 [INFO] Epoch 19 step 260/372 | loss=2.0079 (stego=1.7446, depth=0.8777)
2026-04-14 17:59:55,983 [INFO] Epoch 19 step 270/372 | loss=2.0016 (stego=1.7325, depth=0.8971)
2026-04-14 17:59:57,581 [INFO] Epoch 19 step 280/372 | loss=1.9937 (stego=1.7278, depth=0.8861)
2026-04-14 17:59:59,375 [INFO] Epoch 19 step 290/372 | loss=1.9759 (stego=1.7142, depth=0.8723)
2026-04-14 18:00:01,209 [INFO] Epoch 19 step 300/372 | loss=1.9917 (stego=1.7209, depth=0.9026)
2026-04-14 18:00:03,182 [INFO] Epoch 19 step 310/372 | loss=2.0051 (stego=1.7351, depth=0.9001)
2026-04-14 18:00:05,034 [INFO] Epoch 19 step 320/372 | loss=1.9894 (stego=1.7253, depth=0.8803)
2026-04-14 18:00:06,745 [INFO] Epoch 19 step 330/372 | loss=2.0027 (stego=1.7350, depth=0.8923)
2026-04-14 18:00:08,494 [INFO] Epoch 19 step 340/372 | loss=1.9727 (stego=1.7068, depth=0.8865)
2026-04-14 18:00:10,171 [INFO] Epoch 19 step 350/372 | loss=2.0065 (stego=1.7426, depth=0.8794)
2026-04-14 18:00:12,368 [INFO] Epoch 19 step 360/372 | loss=1.9943 (stego=1.7285, depth=0.8861)
2026-04-14 18:00:14,234 [INFO] Epoch 19 step 370/372 | loss=1.9860 (stego=1.7209, depth=0.8839)
2026-04-14 18:00:23,685 [INFO] Epoch 19/19 | train_loss=1.9958 val_loss=2.0073 lr=0.000000 elapsed=1616s
2026-04-14 18:00:23,716 [INFO] Training complete. Best val_loss=2.0072
2026-04-14 18:00:23,716 [INFO] Checkpoints: best=checkpoints/depthg_dinov3/best.pt, final=checkpoints/depthg_dinov3/final.pt
