Experiment config file configs/train_cityscapes_dinov3_vitb_k80_local_mps.yaml loaded.
Command line arguments loaded.
AUGMENTATION:
  CONFIDENCE: 0.75
  COPY_PASTE: True
  MAX_NUM_PASTED_OBJECTS: 3
  NUM_STEPS_STARTUP: 500
  RESOLUTIONS: ([384, 768], [416, 832], [448, 896], [480, 960], [512, 1024])
DATA:
  CROP_RESOLUTION: (640, 1280)
  DATASET: cityscapes_val
  IGNORE_UNKNOWN_THING_REGIONS: False
  NUM_CLASSES: 27
  NUM_PREPROCESSING_SUBSPLITS: 2
  NUM_PSEUDO_CLASSES: 27
  PREPROCESSING_SUBSPLIT: 1
  PSEUDO_ROOT: pseudo_labels
  ROOT: /Users/qbit-glitch/Desktop/datasets/cityscapes/
  ROOT_PSEUDO: /Users/qbit-glitch/Desktop/datasets/cityscapes/cups_pseudo_labels_k80/
  ROOT_VAL: /Users/qbit-glitch/Desktop/datasets/cityscapes/
  SCALE: 0.625
  THING_STUFF_THRESHOLD: 0.05
  VAL_SCALE: 0.625
MASK_REFINEMENT:
  BILATERAL_SOLVER: False
  ENABLE: False
  GUIDED_FILTER: True
  GUIDED_FILTER_EPS: 0.01
  GUIDED_FILTER_RADIUS: 8
  MIN_AREA: 100
  MORPHOLOGICAL: True
MODEL:
  BACKBONE_TYPE: dinov3_vitb
  CHECKPOINT: None
  DINOV2_FREEZE: True
  INFERENCE_CONFIDENCE_THRESHOLD: 0.5
  TTA_INFERENCE_CONFIDENCE_THRESHOLD: 0.5
  TTA_SCALES: (0.75, 1.0, 1.25)
  USE_DINO: False
PSEUDOS:
  INSTANCE_TYPE: ours_se3
  MOTION_TYPE: smurf
  NOT_ALIGN_SEMANTIC_TO_INSTANCE_MASK: False
  SEMANTIC_TYPE: dguided
SELF_TRAINING:
  CONFIDENCE_STEP: 0.05
  ROUNDS: 3
  ROUND_STEPS: 500
  SEMANTIC_SEGMENTATION_THRESHOLD: 0.5
  USE_DROP_LOSS: False
SUPERVISED:
  DATASET: cityscapes_5_0
  ONLY_TRAIN_HEADS: True
SYSTEM:
  ACCELERATOR: mps
  DISTRIBUTED_BACKEND: auto
  LOG_PATH: experiments
  NUM_GPUS: 1
  NUM_NODES: 1
  NUM_WORKERS: 0
  RUN_NAME: cups_dinov3_vitb_k80_local_mps
  SEED: 1996
TRAINING:
  ACCUMULATE_GRAD_BATCHES: 8
  ADAMW:
    BETAS: (0.9, 0.999)
    LEARNING_RATE: 0.0001
    WEIGHT_DECAY: 1e-05
  BATCH_SIZE: 1
  CLASS_WEIGHTING: False
  DROP_LOSS: True
  DROP_LOSS_IOU_THRESHOLD: 0.4
  GRADIENT_CLIP_ALGORITHM: norm
  GRADIENT_CLIP_VAL: 1.0
  LOG_EVERT_N_STEPS: 50
  LOG_MEDIA_N_STEPS: 500
  OPTIMIZER: adamw
  PRECISION: 32-true
  SGD:
    LEARNING_RATE: 0.005
    MOMENTUM: 0.9
    WEIGHT_DECAY: 5e-05
  STEPS: 4000
  VAL_EVERY_N_STEPS: 500
VALIDATION:
  ADHERE_THING_STUFF: True
  CACHE_DEVICE: cpu
  SEMSEG_CENTER_CROP_SIZE: None
  USE_CRF: False
  USE_TTA: False
Seed set to 1996
Thing classes: (46, 16, 65, 73, 75, 32, 38, 37, 15, 3, 45, 14, 29, 11, 62)
Stuff classes: (0, 79, 17, 18, 19, 20, 21, 22, 23, 24, 25, 26, 27, 28, 12, 30, 31, 10, 33, 34, 35, 36, 9, 8, 39, 40, 41, 42, 43, 44, 7, 6, 47, 48, 49, 50, 51, 52, 53, 54, 55, 56, 57, 58, 59, 60, 61, 5, 63, 64, 4, 66, 67, 68, 69, 70, 71, 72, 2, 74, 1, 76, 77, 78, 13)
Find non-empty samples
Find non-empty samples finished
496 training samples and 500 validation samples detected.
Using DINOv3 ViT-B/16 backbone
Building PanopticFPN with ResNet backbone (temporary)...
Replacing backbone with DINOv3 ViT-B/16 (facebook/dinov3-vitb16-pretrain-lvd1689m)...
DINOv3 ViT-B/16 backbone: 91.2M params (frozen=True)
Total: 137.8M params, trainable: 52.2M params
UnsupervisedModel(
  (model): PanopticFPN(
    (proposal_generator): RPN(
      (rpn_head): StandardRPNHead(
        (conv): Conv2d(
          256, 256, kernel_size=(3, 3), stride=(1, 1), padding=(1, 1)
          (activation): ReLU()
        )
        (objectness_logits): Conv2d(256, 3, kernel_size=(1, 1), stride=(1, 1))
        (anchor_deltas): Conv2d(256, 12, kernel_size=(1, 1), stride=(1, 1))
      )
      (anchor_generator): DefaultAnchorGenerator(
        (cell_anchors): BufferList()
      )
    )
    (roi_heads): CustomCascadeROIHeads(
      (box_pooler): ROIPooler(
        (level_poolers): ModuleList(
          (0): ROIAlign(output_size=(7, 7), spatial_scale=0.25, sampling_ratio=0, aligned=True)
          (1): ROIAlign(output_size=(7, 7), spatial_scale=0.125, sampling_ratio=0, aligned=True)
          (2): ROIAlign(output_size=(7, 7), spatial_scale=0.0625, sampling_ratio=0, aligned=True)
          (3): ROIAlign(output_size=(7, 7), spatial_scale=0.03125, sampling_ratio=0, aligned=True)
        )
      )
      (box_head): ModuleList(
        (0-2): 3 x FastRCNNConvFCHead(
          (flatten): Flatten(start_dim=1, end_dim=-1)
          (fc1): Linear(in_features=12544, out_features=1024, bias=True)
          (fc_relu1): ReLU()
          (fc2): Linear(in_features=1024, out_features=1024, bias=True)
          (fc_relu2): ReLU()
        )
      )
      (box_predictor): ModuleList(
        (0-2): 3 x FastRCNNOutputLayers(
          (cls_score): Linear(in_features=1024, out_features=16, bias=True)
          (bbox_pred): Linear(in_features=1024, out_features=4, bias=True)
        )
      )
      (mask_pooler): ROIPooler(
        (level_poolers): ModuleList(
          (0): ROIAlign(output_size=(14, 14), spatial_scale=0.25, sampling_ratio=0, aligned=True)
          (1): ROIAlign(output_size=(14, 14), spatial_scale=0.125, sampling_ratio=0, aligned=True)
          (2): ROIAlign(output_size=(14, 14), spatial_scale=0.0625, sampling_ratio=0, aligned=True)
          (3): ROIAlign(output_size=(14, 14), spatial_scale=0.03125, sampling_ratio=0, aligned=True)
        )
      )
      (mask_head): MaskRCNNConvUpsampleHead(
        (mask_fcn1): Conv2d(
          256, 256, kernel_size=(3, 3), stride=(1, 1), padding=(1, 1)
          (activation): ReLU()
        )
        (mask_fcn2): Conv2d(
          256, 256, kernel_size=(3, 3), stride=(1, 1), padding=(1, 1)
          (activation): ReLU()
        )
        (mask_fcn3): Conv2d(
          256, 256, kernel_size=(3, 3), stride=(1, 1), padding=(1, 1)
          (activation): ReLU()
        )
        (mask_fcn4): Conv2d(
          256, 256, kernel_size=(3, 3), stride=(1, 1), padding=(1, 1)
          (activation): ReLU()
        )
        (deconv): ConvTranspose2d(256, 256, kernel_size=(2, 2), stride=(2, 2))
        (deconv_relu): ReLU()
        (predictor): Conv2d(256, 15, kernel_size=(1, 1), stride=(1, 1))
      )
    )
    (sem_seg_head): CustomSemSegFPNHead(
      (p2): Sequential(
        (0): Conv2d(
          256, 128, kernel_size=(3, 3), stride=(1, 1), padding=(1, 1), bias=False
          (norm): GroupNorm(32, 128, eps=1e-05, affine=True)
        )
      )
      (p3): Sequential(
        (0): Conv2d(
          256, 128, kernel_size=(3, 3), stride=(1, 1), padding=(1, 1), bias=False
          (norm): GroupNorm(32, 128, eps=1e-05, affine=True)
        )
        (1): Upsample(scale_factor=2.0, mode='bilinear')
      )
      (p4): Sequential(
        (0): Conv2d(
          256, 128, kernel_size=(3, 3), stride=(1, 1), padding=(1, 1), bias=False
          (norm): GroupNorm(32, 128, eps=1e-05, affine=True)
        )
        (1): Upsample(scale_factor=2.0, mode='bilinear')
        (2): Conv2d(
          128, 128, kernel_size=(3, 3), stride=(1, 1), padding=(1, 1), bias=False
          (norm): GroupNorm(32, 128, eps=1e-05, affine=True)
        )
        (3): Upsample(scale_factor=2.0, mode='bilinear')
      )
      (p5): Sequential(
        (0): Conv2d(
          256, 128, kernel_size=(3, 3), stride=(1, 1), padding=(1, 1), bias=False
          (norm): GroupNorm(32, 128, eps=1e-05, affine=True)
        )
        (1): Upsample(scale_factor=2.0, mode='bilinear')
        (2): Conv2d(
          128, 128, kernel_size=(3, 3), stride=(1, 1), padding=(1, 1), bias=False
          (norm): GroupNorm(32, 128, eps=1e-05, affine=True)
        )
        (3): Upsample(scale_factor=2.0, mode='bilinear')
        (4): Conv2d(
          128, 128, kernel_size=(3, 3), stride=(1, 1), padding=(1, 1), bias=False
          (norm): GroupNorm(32, 128, eps=1e-05, affine=True)
        )
        (5): Upsample(scale_factor=2.0, mode='bilinear')
      )
      (predictor): Conv2d(128, 66, kernel_size=(1, 1), stride=(1, 1))
    )
    (backbone): SimpleFeaturePyramid(
      (simfp_2): Sequential(
        (0): ConvTranspose2d(768, 384, kernel_size=(2, 2), stride=(2, 2))
        (1): LayerNorm()
        (2): GELU(approximate='none')
        (3): ConvTranspose2d(384, 192, kernel_size=(2, 2), stride=(2, 2))
        (4): Conv2d(
          192, 256, kernel_size=(1, 1), stride=(1, 1), bias=False
          (norm): LayerNorm()
        )
        (5): Conv2d(
          256, 256, kernel_size=(3, 3), stride=(1, 1), padding=(1, 1), bias=False
          (norm): LayerNorm()
        )
      )
      (simfp_3): Sequential(
        (0): ConvTranspose2d(768, 384, kernel_size=(2, 2), stride=(2, 2))
        (1): Conv2d(
          384, 256, kernel_size=(1, 1), stride=(1, 1), bias=False
          (norm): LayerNorm()
        )
        (2): Conv2d(
          256, 256, kernel_size=(3, 3), stride=(1, 1), padding=(1, 1), bias=False
          (norm): LayerNorm()
        )
      )
      (simfp_4): Sequential(
        (0): Conv2d(
          768, 256, kernel_size=(1, 1), stride=(1, 1), bias=False
          (norm): LayerNorm()
        )
        (1): Conv2d(
          256, 256, kernel_size=(3, 3), stride=(1, 1), padding=(1, 1), bias=False
          (norm): LayerNorm()
        )
      )
      (simfp_5): Sequential(
        (0): MaxPool2d(kernel_size=2, stride=2, padding=0, dilation=1, ceil_mode=False)
        (1): Conv2d(
          768, 256, kernel_size=(1, 1), stride=(1, 1), bias=False
          (norm): LayerNorm()
        )
        (2): Conv2d(
          256, 256, kernel_size=(3, 3), stride=(1, 1), padding=(1, 1), bias=False
          (norm): LayerNorm()
        )
      )
      (net): DINOv3ViTBackbone(
        (vit): _HFDINOv3ViTB(
          (embeddings): _Embeddings(
            (patch_embeddings): Conv2d(3, 768, kernel_size=(16, 16), stride=(16, 16))
          )
          (layer): ModuleList(
            (0-11): 12 x _Block(
              (norm1): LayerNorm((768,), eps=1e-05, elementwise_affine=True)
              (attention): _Attention(
                (q_proj): Linear(in_features=768, out_features=768, bias=True)
                (k_proj): Linear(in_features=768, out_features=768, bias=True)
                (v_proj): Linear(in_features=768, out_features=768, bias=True)
                (o_proj): Linear(in_features=768, out_features=768, bias=True)
              )
              (layer_scale1): _LayerScale()
              (norm2): LayerNorm((768,), eps=1e-05, elementwise_affine=True)
              (mlp): _MLP(
                (up_proj): Linear(in_features=768, out_features=3072, bias=True)
                (down_proj): Linear(in_features=3072, out_features=768, bias=True)
                (act): GELU(approximate='none')
              )
              (layer_scale2): _LayerScale()
            )
          )
          (norm): LayerNorm((768,), eps=1e-05, elementwise_affine=True)
        )
      )
      (top_block): LastLevelMaxPool()
    )
  )
  (copy_paste_augmentation): CopyPasteAugmentation()
  (photometric_augmentation): PhotometricAugmentations(
    (augmentations): AugmentationSequential(
      (RandomGaussianBlur_0): RandomGaussianBlur(sigma=(0.1, 2.0), p=1.0, p_batch=1.0, same_on_batch=False, kernel_size=(7, 7), separable=True, border_type=reflect)
      (ColorJitter_1): ColorJitter(brightness=0.4, contrast=0.4, saturation=0.4, hue=0.1, p=0.5, p_batch=1.0, same_on_batch=False)
      (RandomGrayscale_2): RandomGrayscale(p=0.2, p_batch=1.0, same_on_batch=False)
    )
  )
  (resolution_jitter_augmentation): ResolutionJitter()
  (panoptic_quality): PanopticQualitySemanticMatching()
)
Effective batch size: 1 × 1 GPUs × 8 accum = 8
GPU available: True (mps), used: True
TPU available: False, using: 0 TPU cores
💡 Tip: For seamless cloud logging and experiment tracking, try installing [litlogger](https://pypi.org/project/litlogger/) to enable LitLogger, which logs metrics and artifacts automatically to the Lightning Experiments platform.
wandb: WARNING The anonymous setting has no effect and will be removed in a future version.
AdamW used.
┏━━━┳━━━━━━━━━━━━━━━━━━━━━━━━━━━━━━━━┳━━━━━━━━━━━━━━━━┳━━━━━━━━┳━━━━━━━┳━━━━━━━┓
┃   ┃ Name                           ┃ Type           ┃ Params ┃ Mode  ┃ FLOPs ┃
┡━━━╇━━━━━━━━━━━━━━━━━━━━━━━━━━━━━━━━╇━━━━━━━━━━━━━━━━╇━━━━━━━━╇━━━━━━━╇━━━━━━━┩
│ 0 │ model                          │ PanopticFPN    │  137 M │ train │     0 │
│ 1 │ copy_paste_augmentation        │ CopyPasteAugm… │      0 │ train │     0 │
│ 2 │ photometric_augmentation       │ PhotometricAu… │      0 │ train │     0 │
│ 3 │ resolution_jitter_augmentation │ ResolutionJit… │      0 │ train │     0 │
│ 4 │ panoptic_quality               │ PanopticQuali… │      0 │ train │     0 │
└───┴────────────────────────────────┴────────────────┴────────┴───────┴───────┘
Trainable params: 52.2 M                                                        
Non-trainable params: 85.7 M                                                    
Total params: 137 M                                                             
Total estimated model params size (MB): 551                                     
Modules in train mode: 128                                                      
Modules in eval mode: 173                                                       
Total FLOPs: 0                                                                  
/Users/qbit-glitch/Desktop/datasets/.venv_py310/lib/python3.10/site-packages/pytorch_lightning/utilities/_pytree.py:21: `isinstance(treespec, LeafSpec)` is deprecated, use `isinstance(treespec, TreeSpec) and treespec.is_leaf()` instead.
/Users/qbit-glitch/Desktop/datasets/.venv_py310/lib/python3.10/site-packages/pytorch_lightning/trainer/connectors/data_connector.py:434: The 'train_dataloader' does not have many workers which may be a bottleneck. Consider increasing the value of the `num_workers` argument` to `num_workers=13` in the `DataLoader` to improve performance.
/Users/qbit-glitch/Desktop/datasets/.venv_py310/lib/python3.10/site-packages/pytorch_lightning/trainer/connectors/data_connector.py:434: The 'val_dataloader' does not have many workers which may be a bottleneck. Consider increasing the value of the `num_workers` argument` to `num_workers=13` in the `DataLoader` to improve performance.
/Users/qbit-glitch/Desktop/datasets/.venv_py310/lib/python3.10/site-packages/pytorch_lightning/loops/fit_loop.py:534: Found 173 module(s) in eval mode at the start of training. This may lead to unexpected behavior during training. If this is intentional, you can ignore this warning.
Training: |          | 0/? [00:00<?, ?it/s]Training: |          | 0/? [00:00<?, ?it/s]Epoch 0:   0%|          | 0/4000 [00:00<?, ?it/s]/Users/qbit-glitch/Desktop/datasets/.venv_py310/lib/python3.10/site-packages/torch/functional.py:505: UserWarning: torch.meshgrid: in an upcoming release, it will be required to pass the indexing argument. (Triggered internally at /Users/runner/work/pytorch/pytorch/pytorch/aten/src/ATen/native/TensorShape.cpp:4383.)
  return _VF.meshgrid(tensors, **kwargs)  # type: ignore[attr-defined]
W0324 23:45:47.276000 34782 torch/fx/_symbolic_trace.py:53] is_fx_tracing will return true for both fx.symbolic_trace and torch.export. Please use is_fx_tracing_symbolic_tracing() for specifically fx.symbolic_trace or torch.compiler.is_compiling() for specifically torch.export/compile.
/Users/qbit-glitch/Desktop/datasets/.venv_py310/lib/python3.10/site-packages/torchvision/utils.py:352: UserWarning: boxes doesn't contain any box. No box was drawn
  warnings.warn("boxes doesn't contain any box. No box was drawn")
Epoch 0:   0%|          | 1/4000 [06:48<454:14:30,  0.00it/s]Epoch 0:   0%|          | 1/4000 [06:48<454:14:56,  0.00it/s, v_num=3tpw, loss=6.960][rank: 0] Received SIGTERM: 15
/Users/qbit-glitch/Desktop/datasets/.venv_py310/lib/python3.10/site-packages/torchvision/utils.py:352: UserWarning: boxes doesn't contain any box. No box was drawn
  warnings.warn("boxes doesn't contain any box. No box was drawn")
Epoch 0:   0%|          | 2/4000 [13:58<465:42:23,  0.00it/s, v_num=3tpw, loss=6.960]Epoch 0:   0%|          | 2/4000 [13:58<465:45:20,  0.00it/s, v_num=3tpw, loss=7.220]Epoch 0:   0%|          | 2/4000 [13:58<465:52:12,  0.00it/s, v_num=3tpw, loss=7.220]
